Archive member included because of file (symbol)

lib_bootstrap/libbootstrap.a(bootstrap_board.o)
                              cpu/mips/start_bootstrap.o (bootstrap_board_init_f)
lib_bootstrap/libbootstrap.a(string.o)
                              lib_bootstrap/libbootstrap.a(bootstrap_board.o) (memset)
lib_bootstrap/libbootstrap.a(crc32.o)
                              lib_bootstrap/libbootstrap.a(bootstrap_board.o) (crc32)
lib_bootstrap/libbootstrap.a(LzmaWrapper.o)
                              lib_bootstrap/libbootstrap.a(bootstrap_board.o) (lzma_inflate)
lib_bootstrap/libbootstrap.a(time.o)
                              lib_bootstrap/libbootstrap.a(bootstrap_board.o) (timer_init)
lib_bootstrap/libbootstrap.a(LzmaDecode.o)
                              lib_bootstrap/libbootstrap.a(LzmaWrapper.o) (LzmaDecodeProperties)
board/ar7240/dpt-module-v1/libdpt-module-v1.a(dpt-module-v1.o)
                              lib_bootstrap/libbootstrap.a(bootstrap_board.o) (initdram)
board/ar7240/dpt-module-v1/libdpt-module-v1.a(lowlevel_init.o)
                              cpu/mips/start_bootstrap.o (lowlevel_init)
board/ar7240/dpt-module-v1/libdpt-module-v1.a(hornet_pll_init.o)
                              board/ar7240/dpt-module-v1/libdpt-module-v1.a(lowlevel_init.o) (hornet_pll_init)
cpu/mips/libmips.a(cache.o)   cpu/mips/start_bootstrap.o (simple_mips_cache_reset)
cpu/mips/ar7240/libar7240.a(meminit.o)
                              board/ar7240/dpt-module-v1/libdpt-module-v1.a(dpt-module-v1.o) (ar7240_ddr_find_size)
cpu/mips/ar7240/libar7240.a(hornet_serial.o)
                              lib_bootstrap/libbootstrap.a(bootstrap_board.o) (serial_init)
cpu/mips/ar7240/libar7240.a(hornet_ddr_init.o)
                              cpu/mips/start_bootstrap.o (hornet_ddr_init)

Allocating common symbols
Common symbol       size              file

___strtok           0x4               lib_bootstrap/libbootstrap.a(string.o)

Discarded input sections

 .reginfo       0x0000000000000000       0x18 lib_bootstrap/libbootstrap.a(bootstrap_board.o)
 .reginfo       0x0000000000000000       0x18 lib_bootstrap/libbootstrap.a(string.o)
 .reginfo       0x0000000000000000       0x18 lib_bootstrap/libbootstrap.a(crc32.o)
 .reginfo       0x0000000000000000       0x18 lib_bootstrap/libbootstrap.a(LzmaWrapper.o)
 .reginfo       0x0000000000000000       0x18 lib_bootstrap/libbootstrap.a(time.o)
 .reginfo       0x0000000000000000       0x18 lib_bootstrap/libbootstrap.a(LzmaDecode.o)
 .reginfo       0x0000000000000000       0x18 board/ar7240/dpt-module-v1/libdpt-module-v1.a(dpt-module-v1.o)
 .reginfo       0x0000000000000000       0x18 board/ar7240/dpt-module-v1/libdpt-module-v1.a(lowlevel_init.o)
 .reginfo       0x0000000000000000       0x18 board/ar7240/dpt-module-v1/libdpt-module-v1.a(hornet_pll_init.o)
 .reginfo       0x0000000000000000       0x18 cpu/mips/libmips.a(cache.o)
 .reginfo       0x0000000000000000       0x18 cpu/mips/ar7240/libar7240.a(meminit.o)
 .reginfo       0x0000000000000000       0x18 cpu/mips/ar7240/libar7240.a(hornet_serial.o)
 .reginfo       0x0000000000000000       0x18 cpu/mips/ar7240/libar7240.a(hornet_ddr_init.o)

Memory Configuration

Name             Origin             Length             Attributes
*default*        0x0000000000000000 0xffffffffffffffff

Linker script and memory map

                0x0000000000000000                . = 0x0
                0x0000000000000000                . = ALIGN (0x4)

.text           0x000000009f000000     0x3790
 *(.text*)
 .text          0x000000009f000000      0x660 cpu/mips/start_bootstrap.o
                0x000000009f000000                _start_bootstrap
                0x000000009f000588                bootstrap_relocate_code
 .text          0x000000009f000660      0x320 lib_bootstrap/libbootstrap.a(bootstrap_board.o)
                0x000000009f0006a8                malloc
                0x000000009f0006e8                realloc
                0x000000009f0006f0                free
                0x000000009f0006f8                hang
                0x000000009f000700                bootstrap_board_init_f
                0x000000009f000854                bootstrap_board_init_r
 .text          0x000000009f000980      0x740 lib_bootstrap/libbootstrap.a(string.o)
                0x000000009f000980                strcat
                0x000000009f0009cc                strncat
                0x000000009f000a34                strchr
                0x000000009f000a88                strlen
                0x000000009f000abc                strrchr
                0x000000009f000b30                strnlen
                0x000000009f000b7c                strdup
                0x000000009f000bfc                strspn
                0x000000009f000c6c                strpbrk
                0x000000009f000cdc                strtok
                0x000000009f000d9c                strsep
                0x000000009f000e14                strswab
                0x000000009f000e98                memset
                0x000000009f000ebc                memcpy
                0x000000009f000ee8                memmove
                0x000000009f000f48                memcmp
                0x000000009f000fa4                strstr
                0x000000009f001080                memchr
 .text          0x000000009f0010c0      0x1a0 lib_bootstrap/libbootstrap.a(crc32.o)
                0x000000009f0010c0                crc32
 .text          0x000000009f001260      0x290 lib_bootstrap/libbootstrap.a(LzmaWrapper.o)
                0x000000009f001260                lzma_inflate
 .text          0x000000009f0014f0       0xc0 lib_bootstrap/libbootstrap.a(time.o)
                0x000000009f0014f0                timer_init
                0x000000009f001500                get_timer
                0x000000009f00150c                udelay
 .text          0x000000009f0015b0      0xb60 lib_bootstrap/libbootstrap.a(LzmaDecode.o)
                0x000000009f0015b0                LzmaDecodeProperties
                0x000000009f001638                LzmaDecode
 .text          0x000000009f002110      0x240 board/ar7240/dpt-module-v1/libdpt-module-v1.a(dpt-module-v1.o)
                0x000000009f002110                led_toggle
                0x000000009f002130                all_led_on
                0x000000009f00215c                all_led_off
                0x000000009f002180                reset_button_status
                0x000000009f002194                gpio_config
                0x000000009f002228                ar7240_mem_config
                0x000000009f0022a8                initdram
                0x000000009f0022dc                print_mem_type
 .text          0x000000009f002350       0x20 board/ar7240/dpt-module-v1/libdpt-module-v1.a(lowlevel_init.o)
                0x000000009f002350                lowlevel_init
 .text          0x000000009f002370      0x740 board/ar7240/dpt-module-v1/libdpt-module-v1.a(hornet_pll_init.o)
                0x000000009f002370                hornet_pll_init
 .text          0x000000009f002ab0      0x360 cpu/mips/libmips.a(cache.o)
                0x000000009f002ab0                simple_mips_cache_reset
                0x000000009f002af8                mips_cache_reset
                0x000000009f002c90                dcache_status
                0x000000009f002ca0                dcache_disable
                0x000000009f002cbc                mips_cache_lock
                0x000000009f002d18                dcache_flush_range
                0x000000009f002d40                mips_cache_flush
                0x000000009f002d94                mips_icache_flush_ix
                0x000000009f002dc4                mips_cache_lock_24k
 .text          0x000000009f002e10       0x50 cpu/mips/ar7240/libar7240.a(meminit.o)
                0x000000009f002e10                ar7240_ddr_find_size
 .text          0x000000009f002e60      0x250 cpu/mips/ar7240/libar7240.a(hornet_serial.o)
                0x000000009f002e60                ar7240_sys_frequency
                0x000000009f002f44                serial_init
                0x000000009f002fb4                serial_tstc
                0x000000009f002fc8                serial_getc
                0x000000009f002ff0                serial_putc
                0x000000009f003050                serial_puts
 .text          0x000000009f0030b0      0x6e0 cpu/mips/ar7240/libar7240.a(hornet_ddr_init.o)
                0x000000009f0030b0                hornet_ddr_init
                0x000000009f003338                hornet_ddr_tap_init
                0x000000009f003790                . = ALIGN (0x4)

.rodata         0x000000009f003790      0x424
 *(SORT(.rodata*))
 .rodata        0x000000009f003790      0x400 lib_bootstrap/libbootstrap.a(crc32.o)
 .rodata.str1.4
                0x000000009f003b90       0x24 board/ar7240/dpt-module-v1/libdpt-module-v1.a(dpt-module-v1.o)
                                         0x28 (size before relaxing)

.reginfo        0x000000009f003bb4       0x18
 .reginfo       0x000000009f003bb4       0x18 cpu/mips/start_bootstrap.o

.rel.dyn        0x000000009f003bcc        0x0
 .rel.dyn       0x0000000000000000        0x0 cpu/mips/start_bootstrap.o
                0x000000009f003bcc                . = ALIGN (0x4)

.data           0x000000009f003bd0       0x10
 *(.data*)
 .data          0x000000009f003bd0        0x0 cpu/mips/start_bootstrap.o
 .data          0x000000009f003bd0        0x0 lib_bootstrap/libbootstrap.a(bootstrap_board.o)
 .data.rel      0x000000009f003bd0       0x10 lib_bootstrap/libbootstrap.a(bootstrap_board.o)
                0x000000009f003bd0                init_sequence
 .data          0x000000009f003be0        0x0 lib_bootstrap/libbootstrap.a(string.o)
 .data          0x000000009f003be0        0x0 lib_bootstrap/libbootstrap.a(crc32.o)
 .data          0x000000009f003be0        0x0 lib_bootstrap/libbootstrap.a(LzmaWrapper.o)
 .data          0x000000009f003be0        0x0 lib_bootstrap/libbootstrap.a(time.o)
 .data          0x000000009f003be0        0x0 lib_bootstrap/libbootstrap.a(LzmaDecode.o)
 .data          0x000000009f003be0        0x0 board/ar7240/dpt-module-v1/libdpt-module-v1.a(dpt-module-v1.o)
 .data          0x000000009f003be0        0x0 board/ar7240/dpt-module-v1/libdpt-module-v1.a(lowlevel_init.o)
 .data          0x000000009f003be0        0x0 board/ar7240/dpt-module-v1/libdpt-module-v1.a(hornet_pll_init.o)
 .data          0x000000009f003be0        0x0 cpu/mips/libmips.a(cache.o)
 .data          0x000000009f003be0        0x0 cpu/mips/ar7240/libar7240.a(meminit.o)
 .data          0x000000009f003be0        0x0 cpu/mips/ar7240/libar7240.a(hornet_serial.o)
 .data          0x000000009f003be0        0x0 cpu/mips/ar7240/libar7240.a(hornet_ddr_init.o)

.got.plt        0x000000009f003be0        0x0
 .got.plt       0x0000000000000000        0x0 cpu/mips/start_bootstrap.o
                0x000000009f003be0                . = .
                0x000000009f003be0                _gp = ALIGN (0x10)

.got            0x000000009f003be0       0xa0
                0x000000009f003be0                __got_start_bootstrap = .
 *(.got)
 .got           0x000000009f003be0       0xa0 cpu/mips/start_bootstrap.o
                0x000000009f003be0                _GLOBAL_OFFSET_TABLE_
                0x000000009f003c80                __got_end_bootstrap = .
                0x000000009f003c80                . = ALIGN (0x4)

.sdata
 *(.sdata*)
                0x000000009f003c80                uboot_end_data_bootstrap = .
                0x0000000000000028                num_got_entries = ((__got_end_bootstrap - __got_start_bootstrap) >> 0x2)
                0x000000009f003c80                . = ALIGN (0x4)

.sbss
 *(.sbss*)

.bss            0x000000009f003c80       0x24
 *(.bss*)
 .bss           0x000000009f003c80        0x0 cpu/mips/start_bootstrap.o
 .bss           0x000000009f003c80       0x10 lib_bootstrap/libbootstrap.a(bootstrap_board.o)
 .bss           0x000000009f003c90        0x0 lib_bootstrap/libbootstrap.a(string.o)
 .bss           0x000000009f003c90        0x0 lib_bootstrap/libbootstrap.a(crc32.o)
 .bss           0x000000009f003c90       0x10 lib_bootstrap/libbootstrap.a(LzmaWrapper.o)
 .bss           0x000000009f003ca0        0x0 lib_bootstrap/libbootstrap.a(time.o)
 .bss           0x000000009f003ca0        0x0 lib_bootstrap/libbootstrap.a(LzmaDecode.o)
 .bss           0x000000009f003ca0        0x0 board/ar7240/dpt-module-v1/libdpt-module-v1.a(dpt-module-v1.o)
 .bss           0x000000009f003ca0        0x0 board/ar7240/dpt-module-v1/libdpt-module-v1.a(lowlevel_init.o)
 .bss           0x000000009f003ca0        0x0 board/ar7240/dpt-module-v1/libdpt-module-v1.a(hornet_pll_init.o)
 .bss           0x000000009f003ca0        0x0 cpu/mips/libmips.a(cache.o)
 .bss           0x000000009f003ca0        0x0 cpu/mips/ar7240/libar7240.a(meminit.o)
 .bss           0x000000009f003ca0        0x0 cpu/mips/ar7240/libar7240.a(hornet_serial.o)
 .bss           0x000000009f003ca0        0x0 cpu/mips/ar7240/libar7240.a(hornet_ddr_init.o)
                0x000000009f003ca0                . = ALIGN (0x4)
 COMMON         0x000000009f003ca0        0x4 lib_bootstrap/libbootstrap.a(string.o)
                0x000000009f003ca0                ___strtok
                0x000000009f003ca4                uboot_end_bootstrap = .
Address of section .text set to 0x9f000000
LOAD cpu/mips/start_bootstrap.o
START GROUP
LOAD lib_bootstrap/libbootstrap.a
LOAD board/ar7240/dpt-module-v1/libdpt-module-v1.a
LOAD cpu/mips/libmips.a
LOAD cpu/mips/ar7240/libar7240.a
END GROUP
LOAD /home/dpape/DPT-Board-bootloader/toolchain/bin/../lib/gcc/mips-openwrt-linux-uclibc/4.8.3/libgcc.a
OUTPUT(bootstrap elf32-tradbigmips)

.pdr            0x0000000000000000      0x740
 .pdr           0x0000000000000000       0x20 cpu/mips/start_bootstrap.o
 .pdr           0x0000000000000020       0xe0 lib_bootstrap/libbootstrap.a(bootstrap_board.o)
 .pdr           0x0000000000000100      0x240 lib_bootstrap/libbootstrap.a(string.o)
 .pdr           0x0000000000000340       0x20 lib_bootstrap/libbootstrap.a(crc32.o)
 .pdr           0x0000000000000360       0x20 lib_bootstrap/libbootstrap.a(LzmaWrapper.o)
 .pdr           0x0000000000000380       0x60 lib_bootstrap/libbootstrap.a(time.o)
 .pdr           0x00000000000003e0       0x40 lib_bootstrap/libbootstrap.a(LzmaDecode.o)
 .pdr           0x0000000000000420      0x100 board/ar7240/dpt-module-v1/libdpt-module-v1.a(dpt-module-v1.o)
 .pdr           0x0000000000000520        0x0 board/ar7240/dpt-module-v1/libdpt-module-v1.a(lowlevel_init.o)
 .pdr           0x0000000000000520        0x0 board/ar7240/dpt-module-v1/libdpt-module-v1.a(hornet_pll_init.o)
 .pdr           0x0000000000000520      0x120 cpu/mips/libmips.a(cache.o)
 .pdr           0x0000000000000640       0x20 cpu/mips/ar7240/libar7240.a(meminit.o)
 .pdr           0x0000000000000660       0xc0 cpu/mips/ar7240/libar7240.a(hornet_serial.o)
 .pdr           0x0000000000000720       0x20 cpu/mips/ar7240/libar7240.a(hornet_ddr_init.o)

.mdebug.abi32   0x0000000000000000        0x0
 .mdebug.abi32  0x0000000000000000        0x0 lib_bootstrap/libbootstrap.a(bootstrap_board.o)
 .mdebug.abi32  0x0000000000000000        0x0 lib_bootstrap/libbootstrap.a(string.o)
 .mdebug.abi32  0x0000000000000000        0x0 lib_bootstrap/libbootstrap.a(crc32.o)
 .mdebug.abi32  0x0000000000000000        0x0 lib_bootstrap/libbootstrap.a(LzmaWrapper.o)
 .mdebug.abi32  0x0000000000000000        0x0 lib_bootstrap/libbootstrap.a(time.o)
 .mdebug.abi32  0x0000000000000000        0x0 lib_bootstrap/libbootstrap.a(LzmaDecode.o)
 .mdebug.abi32  0x0000000000000000        0x0 board/ar7240/dpt-module-v1/libdpt-module-v1.a(dpt-module-v1.o)
 .mdebug.abi32  0x0000000000000000        0x0 cpu/mips/ar7240/libar7240.a(meminit.o)
 .mdebug.abi32  0x0000000000000000        0x0 cpu/mips/ar7240/libar7240.a(hornet_serial.o)

.comment        0x0000000000000000       0x34
 .comment       0x0000000000000000       0x34 lib_bootstrap/libbootstrap.a(bootstrap_board.o)
                                         0x35 (size before relaxing)
 .comment       0x0000000000000000       0x35 lib_bootstrap/libbootstrap.a(string.o)
 .comment       0x0000000000000000       0x35 lib_bootstrap/libbootstrap.a(crc32.o)
 .comment       0x0000000000000000       0x35 lib_bootstrap/libbootstrap.a(LzmaWrapper.o)
 .comment       0x0000000000000000       0x35 lib_bootstrap/libbootstrap.a(time.o)
 .comment       0x0000000000000000       0x35 lib_bootstrap/libbootstrap.a(LzmaDecode.o)
 .comment       0x0000000000000000       0x35 board/ar7240/dpt-module-v1/libdpt-module-v1.a(dpt-module-v1.o)
 .comment       0x0000000000000000       0x35 cpu/mips/ar7240/libar7240.a(meminit.o)
 .comment       0x0000000000000000       0x35 cpu/mips/ar7240/libar7240.a(hornet_serial.o)

.gnu.attributes
                0x0000000000000000       0x10
 .gnu.attributes
                0x0000000000000000       0x10 lib_bootstrap/libbootstrap.a(bootstrap_board.o)
 .gnu.attributes
                0x0000000000000010       0x10 lib_bootstrap/libbootstrap.a(string.o)
 .gnu.attributes
                0x0000000000000020       0x10 lib_bootstrap/libbootstrap.a(crc32.o)
 .gnu.attributes
                0x0000000000000030       0x10 lib_bootstrap/libbootstrap.a(LzmaWrapper.o)
 .gnu.attributes
                0x0000000000000040       0x10 lib_bootstrap/libbootstrap.a(time.o)
 .gnu.attributes
                0x0000000000000050       0x10 lib_bootstrap/libbootstrap.a(LzmaDecode.o)
 .gnu.attributes
                0x0000000000000060       0x10 board/ar7240/dpt-module-v1/libdpt-module-v1.a(dpt-module-v1.o)
 .gnu.attributes
                0x0000000000000070       0x10 cpu/mips/ar7240/libar7240.a(meminit.o)
 .gnu.attributes
                0x0000000000000080       0x10 cpu/mips/ar7240/libar7240.a(hornet_serial.o)

.stab           0x0000000000000000     0x2ee0
 .stab          0x0000000000000000      0xc90 cpu/mips/start_bootstrap.o
 .stab          0x0000000000000c90       0x3c board/ar7240/dpt-module-v1/libdpt-module-v1.a(lowlevel_init.o)
                                         0x48 (size before relaxing)
 .stab          0x0000000000000ccc      0xcf0 board/ar7240/dpt-module-v1/libdpt-module-v1.a(hornet_pll_init.o)
                                        0xcfc (size before relaxing)
 .stab          0x00000000000019bc      0x6a8 cpu/mips/libmips.a(cache.o)
                                        0x6b4 (size before relaxing)
 .stab          0x0000000000002064      0xe7c cpu/mips/ar7240/libar7240.a(hornet_ddr_init.o)
                                        0xe88 (size before relaxing)

.stabstr        0x0000000000000000      0x284
 .stabstr       0x0000000000000000      0x284 cpu/mips/start_bootstrap.o
