0000012d A num_got_entries
ffffffff80010000 T _start
ffffffff80010030 T relocate_code
ffffffff8001008c t in_ram
ffffffff800100f0 T do_bootd
ffffffff80010148 T fake_image_header
ffffffff80010210 T print_image_hdr
ffffffff800102dc T do_bootm
ffffffff80010480 T do_go
ffffffff800105a0 T flash_sect_erase
ffffffff80010844 T do_flerase
ffffffff80010e60 T do_mem_mtest
ffffffff80011598 T cmd_get_data_size
ffffffff80011670 T do_mem_md
ffffffff800119f4 t mod_mem
ffffffff80011ca8 T do_mem_mm
ffffffff80011cf8 T do_mem_nm
ffffffff80011d48 T do_mem_mw
ffffffff80011eec T do_mem_cp
ffffffff80012130 T do_print_mac
ffffffff800121d8 T do_print_model
ffffffff80012290 T do_set_mac
ffffffff80012490 T do_start_nc
ffffffff800124d0 T do_start_sc
ffffffff80012510 T do_clear_clocks
ffffffff80012624 T do_set_clocks
ffffffff80012a80 T do_httpd
ffffffff80012ab4 t netboot_common
ffffffff80012f24 T do_tftpb
ffffffff80012f64 T do_dhcp
ffffffff80012fa4 T do_ping
ffffffff80013110 t envmatch
ffffffff800131e8 T do_printenv
ffffffff800134cc T _do_setenv
ffffffff80013c20 T do_setenv
ffffffff80013cc0 T setenv
ffffffff80013d18 T getenv
ffffffff80013e14 T getenv_r
ffffffff80013f80 t evalexp
ffffffff8001400c T binary_test
ffffffff800142ec T do_itest
ffffffff80014430 T do_version
ffffffff80014474 T do_echo
ffffffff80014594 T do_test
ffffffff80014df8 T do_exit
ffffffff80014e5c T find_cmd
ffffffff80014f84 T do_help
ffffffff800152d0 t console_setfile
ffffffff800153b8 T serial_printf
ffffffff80015428 T fgetc
ffffffff80015480 T ftstc
ffffffff800154d8 T fputc
ffffffff80015534 T fputs
ffffffff80015588 T fprintf
ffffffff80015600 T getc
ffffffff8001565c T tstc
ffffffff800156b8 T putc
ffffffff80015720 T puts
ffffffff80015780 T printf
ffffffff800157f0 T ctrlc
ffffffff80015878 T disable_ctrlc
ffffffff80015894 T had_ctrlc
ffffffff800158ac T clear_ctrlc
ffffffff800158c4 T console_assign
ffffffff800159ec T console_init_f
ffffffff800159fc T console_init_r
ffffffff80015ba0 T device_register
ffffffff80015be8 T devices_init
ffffffff80015d0c T devices_done
ffffffff80015d50 T env_get_char_memory
ffffffff80015d88 t env_get_char_init
ffffffff80015dd8 T env_crc_update
ffffffff80015e2c T env_get_addr
ffffffff80015e5c T env_relocate
ffffffff80015f30 T env_relocate_spec
ffffffff80015f38 T env_get_char_spec
ffffffff80015f48 T env_init
ffffffff80015f70 T addr2info
ffffffff80015fd4 T flash_write
ffffffff80016194 T flash_perror
ffffffff80016360 T NewHandle
ffffffff8001641c T DisposeHandle
ffffffff80016478 T GetHandleSize
ffffffff80016480 T SetHandleSize
ffffffff80016564 T ListCreate
ffffffff800165ec T ListDispose
ffffffff80016620 T ListInsertItems
ffffffff800168c0 T ListInsertItem
ffffffff800168f8 T ListGetPtrToItem
ffffffff80016938 T ListNumItems
ffffffff80016950 t b_reset
ffffffff80016970 t static_get
ffffffff8001698c t static_peek
ffffffff80016998 t file_peek
ffffffff800169a4 t is_assignment
ffffffff80016a24 t xmalloc
ffffffff80016a7c t syntax_err
ffffffff80016ab8 t free_pipe_list
ffffffff80016c5c t xrealloc
ffffffff80016cb4 t done_command
ffffffff80016d7c t b_addchr
ffffffff80016e54 t b_addqchr
ffffffff80016ef0 t insert_var_value
ffffffff8001722c t set_local_var
ffffffff80017558 t file_get
ffffffff80017830 T simple_itoa
ffffffff80017894 T new_pipe
ffffffff800178e4 t done_pipe
ffffffff8001798c T reserved_word
ffffffff80017c90 t done_word
ffffffff80017ed0 T mapset
ffffffff80017f0c T update_ifs_map
ffffffff80017fdc T parse_string_outer
ffffffff80018168 t run_list_real
ffffffff80018d5c t parse_stream_outer
ffffffff800197d0 T parse_file_outer
ffffffff80019838 T u_boot_hush_start
ffffffff800198f0 t delete_char
ffffffff80019a78 T main_loop
ffffffff80019b98 T readline
ffffffff80019ed4 T run_command
ffffffff8001a4e8 T do_run
ffffffff8001a610 T malloc_bin_reloc
ffffffff8001a650 T malloc_trim
ffffffff8001a780 T free
ffffffff8001aa70 T malloc
ffffffff8001b290 T calloc
ffffffff8001b3c0 T realloc
ffffffff8001b9d0 T memalign
ffffffff8001bb6c T valloc
ffffffff8001bba8 T pvalloc
ffffffff8001bbec T cfree
ffffffff8001bc20 T malloc_usable_size
ffffffff8001bc78 T mallopt
ffffffff8001bd20 T led_toggle
ffffffff8001bd40 T all_led_on
ffffffff8001bd6c T all_led_off
ffffffff8001bd90 T reset_button_status
ffffffff8001bda4 T gpio_config
ffffffff8001be38 T ar7240_mem_config
ffffffff8001beb8 T initdram
ffffffff8001beec T print_mem_type
ffffffff8001bf60 t flash_set_geom
ffffffff8001bfc0 t ar7240_spi_write_enable
ffffffff8001c030 t ar7240_spi_poll
ffffffff8001c0b0 T flash_init
ffffffff8001c8e4 T flash_erase
ffffffff8001cb88 T write_buff
ffffffff8001ce30 T do_reset
ffffffff8001ce4c T flush_cache
ffffffff8001cea0 T simple_mips_cache_reset
ffffffff8001ceb8 t _arai_icache_loop
ffffffff8001ced0 t _arai_dcache_loop
ffffffff8001cee8 T mips_cache_reset
ffffffff8001d080 T dcache_status
ffffffff8001d090 T dcache_disable
ffffffff8001d0ac T mips_cache_lock
ffffffff8001d108 T dcache_flush_range
ffffffff8001d114 t cache_loop_d_flush_range
ffffffff8001d130 T mips_cache_flush
ffffffff8001d144 t cache_loop_flush
ffffffff8001d168 t cache_loop_d_flush
ffffffff8001d184 T mips_icache_flush_ix
ffffffff8001d198 t icache_loop_flush_ix
ffffffff8001d1b4 T mips_cache_lock_24k
ffffffff8001d1c8 t cache_loop_lock
ffffffff8001d200 T ar7240_ddr_find_size
ffffffff8001d250 T ar7240_sys_frequency
ffffffff8001d334 T serial_init
ffffffff8001d3a4 T serial_tstc
ffffffff8001d3b8 T serial_getc
ffffffff8001d3e0 T serial_putc
ffffffff8001d440 T serial_puts
ffffffff8001d4a0 T hornet_ddr_init
ffffffff8001d4c4 t mem_type
ffffffff8001d4e0 t ddr2_config
ffffffff8001d65c t ddr1_config
ffffffff8001d728 T hornet_ddr_tap_init
ffffffff8001d748 t ddr_pat_init
ffffffff8001d758 t write_loop_start
ffffffff8001d75c t pat_000
ffffffff8001d778 t pat_001
ffffffff8001d794 t pat_002
ffffffff8001d7b0 t pat_003
ffffffff8001d7c4 t pat_004
ffffffff8001d7e4 t pat_005
ffffffff8001d800 t pat_006
ffffffff8001d81c t pat_007
ffffffff8001d830 t pat_008
ffffffff8001d850 t pat_009
ffffffff8001d86c t pat_00a
ffffffff8001d888 t pat_00b
ffffffff8001d89c t pat_00c
ffffffff8001d8bc t pat_00d
ffffffff8001d8d8 t pat_00e
ffffffff8001d8f4 t pat_00f
ffffffff8001d908 t pat_done
ffffffff8001d94c t load_tap
ffffffff8001d964 t pat_read
ffffffff8001d97c t tap_addr_loop
ffffffff8001da1c t tap_decr
ffffffff8001da34 t tap_incr
ffffffff8001da64 t tap_fail
ffffffff8001daac t up_limit
ffffffff8001dae4 t tap_calc
ffffffff8001db68 t end
ffffffff8001db80 t init_baudrate
ffffffff8001db90 t display_banner
ffffffff8001dbd4 T sbrk
ffffffff8001dc28 T board_init_r
ffffffff8001e014 T hang
ffffffff8001e04c T board_init_f
ffffffff8001e220 T timer_init
ffffffff8001e230 T get_timer
ffffffff8001e23c T udelay
ffffffff8001e2e0 t linux_env_set
ffffffff8001e41c T do_bootm_linux
ffffffff8001e950 t nc_wait_arp_handler
ffffffff8001e96c t nc_handler
ffffffff8001e998 t nc_timeout
ffffffff8001e9b4 T nc_start
ffffffff8001eb34 T nc_getc
ffffffff8001ebec T nc_tstc
ffffffff8001ec94 t nc_send_packet
ffffffff8001eeb4 T nc_putc
ffffffff8001ef20 T nc_puts
ffffffff8001efb0 T NcStart
ffffffff8001f0e0 T nc_input_packet
ffffffff8001f204 T drv_nc_init
ffffffff8001f2c0 t startAgainTimeout
ffffffff8001f2dc t startAgainHandler
ffffffff8001f2e4 t PingHandler
ffffffff8001f344 t PingTimeout
ffffffff8001f384 T NetSetHandler
ffffffff8001f39c T NetSetTimeout
ffffffff8001f408 T NetStartAgain
ffffffff8001f5b0 T NetSendPacket
ffffffff8001f5e4 T NetCksum
ffffffff8001f630 T NetCksumOk
ffffffff8001f670 T NetEthHdrSize
ffffffff8001f6b0 T NetSetEther
ffffffff8001f7a0 T ArpRequest
ffffffff8001f92c T ArpTimeoutCheck
ffffffff8001fa08 T PingSend
ffffffff8001fbe0 T NetSetIP
ffffffff8001fd18 T NetSendUDPPacket
ffffffff8001ff18 T copy_filename
ffffffff8001ff88 T ip_to_string
ffffffff8001ffec T string_to_ip
ffffffff80020094 T VLAN_to_string
ffffffff80020110 T string_to_VLAN
ffffffff80020180 T print_IPaddr
ffffffff800201d8 T getenv_IPaddr
ffffffff80020220 T getenv_VLAN
ffffffff80020268 T NetLoop
ffffffff80020a58 T NetSendHttpd
ffffffff80020b24 T NetReceiveHttpd
ffffffff80020c38 T NetReceive
ffffffff800212d8 T NetLoopHttpd
ffffffff80021790 t TftpSend
ffffffff800219ac t TftpHandler
ffffffff80021d18 t TftpTimeout
ffffffff80021de0 T TftpStart
ffffffff80022120 T eth_get_dev_by_name
ffffffff80022194 T eth_get_dev_index
ffffffff800221f4 T eth_register
ffffffff800222e4 T eth_initialize
ffffffff80022508 T eth_set_enetaddr
ffffffff800225f4 T eth_halt
ffffffff80022648 T eth_send
ffffffff800226a0 T eth_rx
ffffffff800226f0 T eth_try_another
ffffffff800227d0 T eth_init
ffffffff80022890 T eth_set_current
ffffffff8002295c T eth_get_name
ffffffff80022990 t BootpCopyNetParams
ffffffff80022ab8 t DhcpOptionsProcess
ffffffff80022dc8 t DhcpHandler
ffffffff8002348c T BootpRequest
ffffffff80023934 t BootpTimeout
ffffffff800239d0 T DhcpRequest
ffffffff80023a10 T HttpdHandler
ffffffff80023b14 T HttpdStart
ffffffff80023b58 T do_http_upgrade
ffffffff80023cf0 T do_http_progress
ffffffff80023ea0 t uip_add_rcv_nxt
ffffffff80023f14 T uip_init
ffffffff80023f50 T uip_unlisten
ffffffff80023f90 T uip_listen
ffffffff80023fd0 T uip_process
ffffffff800251d0 T uip_add32
ffffffff800252d0 T uip_chksum
ffffffff80025370 T uip_ipchksum
ffffffff800253b0 T uip_tcpchksum
ffffffff80025550 t uip_arp_update
ffffffff80025734 T uip_arp_init
ffffffff800257c0 T uip_arp_timer
ffffffff80025898 T uip_arp_ipin
ffffffff80025954 T uip_arp_arpin
ffffffff80025b84 T uip_arp_out
ffffffff80025e40 t httpd_download_progress
ffffffff80025ec0 t httpd_findandstore_firstchunk
ffffffff800262a4 t httpd_state_reset
ffffffff80026318 T httpd_init
ffffffff80026360 T httpd_appcall
ffffffff80026f00 T fs_open
ffffffff80026fb8 T fs_init
ffffffff80026fc0 T crc32
ffffffff80027160 T print_size
ffffffff80027270 T strnicmp
ffffffff80027308 T strcat
ffffffff80027354 T strncat
ffffffff800273bc T strchr
ffffffff80027410 T strlen
ffffffff80027444 T strrchr
ffffffff800274b8 T strnlen
ffffffff80027504 T strdup
ffffffff80027584 T strspn
ffffffff800275f4 T strpbrk
ffffffff80027664 T strtok
ffffffff80027724 T strsep
ffffffff8002779c T strswab
ffffffff80027820 T memset
ffffffff80027844 T memcpy
ffffffff80027870 T memmove
ffffffff800278d0 T memcmp
ffffffff8002792c T strstr
ffffffff80027a08 T memchr
ffffffff80027a40 t number
ffffffff80027cc8 T simple_strtoul
ffffffff80027ddc T simple_strtol
ffffffff80027e34 T vsprintf
ffffffff800283bc T sprintf
ffffffff80028400 T lzma_inflate
ffffffff80028690 T LzmaDecodeProperties
ffffffff80028718 T LzmaDecode
ffffffff800291f0 t dummy
ffffffff800291f8 T get_version
ffffffff80029200 T jumptable_init
ffffffff800292b0 t ag7240_halt
ffffffff800292fc t ag7240_alloc_fifo
ffffffff800293c4 t ag7240_recv
ffffffff80029528 t ag7240_send
ffffffff800296b8 t ag7240_clean_rx
ffffffff80029e98 T ag7240_mii_setup
ffffffff8002a398 T ag7240_enet_initialize
ffffffff8002ae60 T ag7240_miiphy_read
ffffffff8002b0cc T ag7240_miiphy_write
ffffffff8002b2c0 T athrs26_reg_read
ffffffff8002b534 T athrs26_reg_write
ffffffff8002b878 T s26_rd_phy
ffffffff8002b974 T athrs26_phy_is_link_alive
ffffffff8002b9d0 T athrs26_phy_is_fdx
ffffffff8002baec T athrs26_phy_is_up
ffffffff8002bc58 T s26_wr_phy
ffffffff8002bd54 T athrs26_powersave_off
ffffffff8002bdb8 T athrs26_sleep_off
ffffffff8002be1c T athrs26_reg_init
ffffffff8002bec4 T athrs26_reg_init_lan
ffffffff8002c1f8 T athrs26_phy_setup
ffffffff8002c568 T athrs26_phy_speed
ffffffff8002c74c T athrs26_mdc_check
ffffffff8002c7c0 r bitpattern.1903
ffffffff8002c7e0 r oc_profiles
ffffffff8002c9e0 R version_string
ffffffff8002cc00 r data_uboot_html
ffffffff8002d144 r data_style_css
ffffffff8002d5ec r data_index_html
ffffffff8002dba0 r data_flashing_html
ffffffff8002e548 r data_fail_html
ffffffff8002e8f0 r data_art_html
ffffffff8002ee58 r data_404_html
ffffffff8002f140 r crc_table
ffffffff8002f6e0 r __func__.2525
ffffffff8002f6f4 r __func__.2510
ffffffff8002f708 r __func__.2422
ffffffff80032700 D load_addr
ffffffff80032710 D dp_last_length
ffffffff80032720 D op_table
ffffffff80032790 D stdio_names
ffffffff800327a0 D default_environment
ffffffff80032b20 D env_get_char
ffffffff80032b30 d reserved_list
ffffffff80032bc0 d tab_seq
ffffffff80032bcc d erase_seq
ffffffff80032bd0 d sbrk_base
ffffffff80032bd4 d mmap_threshold
ffffffff80032bd8 d trim_threshold
ffffffff80032be0 d av_
ffffffff80032ff0 D init_sequence
ffffffff80033010 D NetOurNativeVLAN
ffffffff80033012 D NetOurVLAN
ffffffff80033014 D NetBcastAddr
ffffffff80033020 D uip_ethaddr
ffffffff80033030 d eol2
ffffffff80033038 d eol
ffffffff80033040 D file_uboot_html
ffffffff80033050 D file_style_css
ffffffff80033060 D file_index_html
ffffffff80033070 D file_flashing_html
ffffffff80033080 D file_fail_html
ffffffff80033090 D file_art_html
ffffffff800330a0 D file_404_html
ffffffff800330b0 D _ctype
ffffffff800331b0 d athrPhyInfo
ffffffff80033240 A _gp
ffffffff80033240 D _GLOBAL_OFFSET_TABLE_
ffffffff80033240 D __got_start
ffffffff800336f4 A __u_boot_cmd_start
ffffffff800336f4 D __got_end
ffffffff800336f4 D __u_boot_cmd_bootd
ffffffff8003370c D __u_boot_cmd_boot
ffffffff80033724 D __u_boot_cmd_bootm
ffffffff8003373c D __u_boot_cmd_reset
ffffffff80033754 D __u_boot_cmd_go
ffffffff8003376c D __u_boot_cmd_erase
ffffffff80033784 D __u_boot_cmd_cp
ffffffff8003379c D __u_boot_cmd_mtest
ffffffff800337b4 D __u_boot_cmd_mw
ffffffff800337cc D __u_boot_cmd_nm
ffffffff800337e4 D __u_boot_cmd_mm
ffffffff800337fc D __u_boot_cmd_md
ffffffff80033814 D __u_boot_cmd_clearclk
ffffffff8003382c D __u_boot_cmd_setclk
ffffffff80033844 D __u_boot_cmd_startsc
ffffffff8003385c D __u_boot_cmd_startnc
ffffffff80033874 D __u_boot_cmd_printmodel
ffffffff8003388c D __u_boot_cmd_setmac
ffffffff800338a4 D __u_boot_cmd_printmac
ffffffff800338bc D __u_boot_cmd_ping
ffffffff800338d4 D __u_boot_cmd_dhcp
ffffffff800338ec D __u_boot_cmd_tftpboot
ffffffff80033904 D __u_boot_cmd_httpd
ffffffff8003391c D __u_boot_cmd_run
ffffffff80033934 D __u_boot_cmd_setenv
ffffffff8003394c D __u_boot_cmd_printenv
ffffffff80033964 D __u_boot_cmd_itest
ffffffff8003397c D __u_boot_cmd_question_mark
ffffffff80033994 D __u_boot_cmd_help
ffffffff800339ac D __u_boot_cmd_exit
ffffffff800339c4 D __u_boot_cmd_test
ffffffff800339dc D __u_boot_cmd_echo
ffffffff800339f4 D __u_boot_cmd_version
ffffffff80033a0c A __u_boot_cmd_end
ffffffff80033a0c A uboot_end_data
ffffffff80033a10 b ctrlc_was_pressed
ffffffff80033a14 b ctrlc_disabled
ffffffff80033a20 B stdio_devices
ffffffff80033a2c B devlist
ffffffff80033a30 B env_ptr
ffffffff80033a40 b the_command.2064
ffffffff80033e40 b buf.2257
ffffffff80033e68 b local.2048
ffffffff80033e80 b top_vars
ffffffff80033e84 b do_repeat
ffffffff80033e88 b flag_repeat
ffffffff80033e8c b map
ffffffff80033f8c b ifs
ffffffff80033f90 b current_mallinfo
ffffffff80033fb8 b max_total_mem
ffffffff80033fbc b max_sbrked_mem
ffffffff80033fc0 b n_mmaps_max
ffffffff80033fc4 b top_pad
ffffffff80033fd0 b mem_malloc_brk
ffffffff80033fd4 b mem_malloc_end
ffffffff80033fd8 b mem_malloc_start
ffffffff80033fe0 b linux_env_idx
ffffffff80033fe4 b linux_env_p
ffffffff80033fe8 b linux_env
ffffffff80033fec b linux_argv
ffffffff80033ff0 b linux_argc
ffffffff80034000 B net_loop_last_protocol
ffffffff80034004 b output_packet_len
ffffffff80034008 b output_packet
ffffffff8003400c b nc_port
ffffffff80034010 b nc_ip
ffffffff80034014 b nc_ether
ffffffff8003401c b net_timeout
ffffffff80034020 b output_recursion
ffffffff80034024 b input_recursion
ffffffff80034028 b input_offset
ffffffff8003402c b input_size
ffffffff80034030 b input_buffer
ffffffff80034230 B NetTxPacket
ffffffff80034234 B NetRestartWrap
ffffffff80034238 B NetEtherNullAddr
ffffffff80034240 B NetServerEther
ffffffff80034246 B NetBootFileSize
ffffffff80034248 B NetOurRootPath
ffffffff80034288 B NetOurHostName
ffffffff800342a8 B NetOurNISDomain
ffffffff800342c8 B NetOurDNSIP
ffffffff800342cc B NetOurGatewayIP
ffffffff800342d0 B NetOurSubnetMask
ffffffff800342d4 B webfailsafe_upgrade_type
ffffffff800342d8 B webfailsafe_ready_for_upgrade
ffffffff800342dc B webfailsafe_is_running
ffffffff800342e0 B webfailsafe_data_pointer
ffffffff800342e4 b mac.2509
ffffffff800342ea b PingSeqNo
ffffffff800342ec b timeDelta
ffffffff800342f0 b timeStart
ffffffff800342f4 b timeHandler
ffffffff800342f8 b packetHandler
ffffffff800342fc b NetDevExists
ffffffff80034300 b NetRestarted
ffffffff80034310 b tftp_filename
ffffffff80034314 b default_filename
ffffffff80034324 b TftpBlockWrapOffset
ffffffff80034328 b TftpBlockWrap
ffffffff8003432c b TftpLastBlock
ffffffff80034330 b TftpBlock
ffffffff80034334 b TftpState
ffffffff80034338 b TftpTimeoutCount
ffffffff8003433c b TftpOurPort
ffffffff80034340 b TftpServerPort
ffffffff80034350 b first_failed.2187
ffffffff80034354 b eth_devices
ffffffff80034360 B NetDHCPServerIP
ffffffff80034364 B dhcp_leasetime
ffffffff80034368 B dhcp_state
ffffffff80034370 b arptimer
ffffffff80034380 b tmp16
ffffffff80034382 b opt
ffffffff80034383 b c
ffffffff80034384 b iss
ffffffff80034388 b ipid
ffffffff80034390 b tmpage
ffffffff80034391 b arptime
ffffffff80034392 b c
ffffffff80034393 b i
ffffffff80034394 b ipaddr
ffffffff80034398 b arp_table
ffffffff800343b0 b boundary_value
ffffffff800343b4 b post_packet_counter
ffffffff800343b8 b data_start_found
ffffffff800343bc b webfailsafe_upload_failed
ffffffff800343c0 b webfailsafe_post_done
ffffffff800343d0 b rpos
ffffffff800343e0 b athr26_init_flag1
ffffffff800343e1 b athr26_init_flag
ffffffff800343f0 B header
ffffffff80034430 B dp_last_size
ffffffff80034434 B dp_last_addr
ffffffff80034438 B mm_last_size
ffffffff8003443c B mm_last_addr
ffffffff80034440 B nesting_level
ffffffff80034444 B last_return_code
ffffffff80034448 B console_buffer
ffffffff80034848 B flash_info
ffffffff80039858 B monitor_flash_len
ffffffff8003985c B NetArpWaitTry
ffffffff80039860 B NetArpWaitPacketMAC
ffffffff80039864 B NetOurEther
ffffffff8003986c B NetOurIP
ffffffff80039870 B NetPingIP
ffffffff80039874 B NetServerIP
ffffffff80039878 B NetArpWaitTxPacketSize
ffffffff8003987c B NetArpWaitReplyIP
ffffffff80039880 B NetRxPackets
ffffffff800398c0 B NetArpWaitTxPacket
ffffffff800398c4 B NetArpWaitPacketIP
ffffffff800398c8 B NetState
ffffffff800398cc B BootFile
ffffffff8003994c B NetIPID
ffffffff80039950 B NetRxPkt
ffffffff80039954 B NetArpWaitPacketBuf
ffffffff80039f74 B NetRxPktLen
ffffffff80039f78 B NetBootFileXferSize
ffffffff80039f7c B PktBuf
ffffffff8004059c B NetArpWaitTimerStart
ffffffff800405a0 B eth_current
ffffffff800405a4 B seed1
ffffffff800405a8 B BootpTry
ffffffff800405ac B BootpID
ffffffff800405b0 B seed2
ffffffff800405b4 B uip_len
ffffffff800405b8 B uip_sappdata
ffffffff800405bc B uip_acc32
ffffffff800405c0 B uip_flags
ffffffff800405c4 B uip_appdata
ffffffff800405c8 B uip_conn
ffffffff800405cc B uip_conns
ffffffff80040624 B uip_arp_netmask
ffffffff80040628 B uip_listenports
ffffffff8004062a B uip_surglen
ffffffff8004062c B uip_urgdata
ffffffff80040630 B uip_hostaddr
ffffffff80040634 B uip_arp_draddr
ffffffff80040638 B uip_urglen
ffffffff8004063c B uip_buf
ffffffff80040c1a B uip_slen
ffffffff80040c1c B hs
ffffffff80040c20 B ___strtok
ffffffff80040c24 B ag7240_macs
ffffffff80040c2c A uboot_end
