0000012d A num_got_entries
ffffffff80010000 T _start
ffffffff80010030 T relocate_code
ffffffff8001008c t in_ram
ffffffff800100f0 T do_bootd
ffffffff80010148 T fake_image_header
ffffffff80010210 T print_image_hdr
ffffffff800102dc T do_bootm
ffffffff80010480 T do_go
ffffffff800105a0 T flash_sect_erase
ffffffff80010844 T do_flerase
ffffffff80010e60 T do_mem_mtest
ffffffff80011598 T cmd_get_data_size
ffffffff80011670 T do_mem_md
ffffffff800119f4 t mod_mem
ffffffff80011ca8 T do_mem_mm
ffffffff80011cf8 T do_mem_nm
ffffffff80011d48 T do_mem_mw
ffffffff80011eec T do_mem_cp
ffffffff80012130 T do_print_mac
ffffffff800121d8 T do_set_mac
ffffffff800123d8 T do_start_nc
ffffffff80012418 T do_start_sc
ffffffff80012458 T do_clear_clocks
ffffffff8001256c T do_set_clocks
ffffffff800129c0 T do_httpd
ffffffff800129f4 t netboot_common
ffffffff80012e64 T do_tftpb
ffffffff80012ea4 T do_dhcp
ffffffff80012ee4 T do_ping
ffffffff80013050 t envmatch
ffffffff80013128 T do_printenv
ffffffff8001340c T _do_setenv
ffffffff80013b60 T do_setenv
ffffffff80013c00 T setenv
ffffffff80013c58 T getenv
ffffffff80013d54 T getenv_r
ffffffff80013ec0 t evalexp
ffffffff80013f4c T binary_test
ffffffff8001422c T do_itest
ffffffff80014370 T do_version
ffffffff800143b4 T do_echo
ffffffff800144d4 T do_test
ffffffff80014d38 T do_exit
ffffffff80014d9c T find_cmd
ffffffff80014ec4 T do_help
ffffffff80015210 t console_setfile
ffffffff800152f8 T serial_printf
ffffffff80015368 T fgetc
ffffffff800153c0 T ftstc
ffffffff80015418 T fputc
ffffffff80015474 T fputs
ffffffff800154c8 T fprintf
ffffffff80015540 T getc
ffffffff8001559c T tstc
ffffffff800155f8 T putc
ffffffff80015660 T puts
ffffffff800156c0 T printf
ffffffff80015730 T ctrlc
ffffffff800157b8 T disable_ctrlc
ffffffff800157d4 T had_ctrlc
ffffffff800157ec T clear_ctrlc
ffffffff80015804 T console_assign
ffffffff8001592c T console_init_f
ffffffff8001593c T console_init_r
ffffffff80015ae0 T device_register
ffffffff80015b28 T devices_init
ffffffff80015c4c T devices_done
ffffffff80015c90 T env_get_char_memory
ffffffff80015cc8 t env_get_char_init
ffffffff80015d18 T env_crc_update
ffffffff80015d6c T env_get_addr
ffffffff80015d9c T env_relocate
ffffffff80015e70 T env_relocate_spec
ffffffff80015e78 T env_get_char_spec
ffffffff80015e88 T env_init
ffffffff80015eb0 T addr2info
ffffffff80015f14 T flash_write
ffffffff800160d4 T flash_perror
ffffffff800162a0 T NewHandle
ffffffff8001635c T DisposeHandle
ffffffff800163b8 T GetHandleSize
ffffffff800163c0 T SetHandleSize
ffffffff800164a4 T ListCreate
ffffffff8001652c T ListDispose
ffffffff80016560 T ListInsertItems
ffffffff80016800 T ListInsertItem
ffffffff80016838 T ListGetPtrToItem
ffffffff80016878 T ListNumItems
ffffffff80016890 t b_reset
ffffffff800168b0 t static_get
ffffffff800168cc t static_peek
ffffffff800168d8 t file_peek
ffffffff800168e4 t is_assignment
ffffffff80016964 t xmalloc
ffffffff800169bc t syntax_err
ffffffff800169f8 t free_pipe_list
ffffffff80016b9c t xrealloc
ffffffff80016bf4 t done_command
ffffffff80016cbc t b_addchr
ffffffff80016d94 t b_addqchr
ffffffff80016e30 t insert_var_value
ffffffff8001716c t set_local_var
ffffffff80017498 t file_get
ffffffff80017770 T simple_itoa
ffffffff800177d4 T new_pipe
ffffffff80017824 t done_pipe
ffffffff800178cc T reserved_word
ffffffff80017bd0 t done_word
ffffffff80017e10 T mapset
ffffffff80017e4c T update_ifs_map
ffffffff80017f1c T parse_string_outer
ffffffff800180a8 t run_list_real
ffffffff80018c9c t parse_stream_outer
ffffffff80019710 T parse_file_outer
ffffffff80019778 T u_boot_hush_start
ffffffff80019830 t delete_char
ffffffff800199b8 T readline
ffffffff80019cf4 T run_command
ffffffff8001a308 T main_loop
ffffffff8001a784 T do_run
ffffffff8001a8b0 T malloc_bin_reloc
ffffffff8001a8f0 T malloc_trim
ffffffff8001aa20 T free
ffffffff8001ad10 T malloc
ffffffff8001b530 T calloc
ffffffff8001b660 T realloc
ffffffff8001bc70 T memalign
ffffffff8001be0c T valloc
ffffffff8001be48 T pvalloc
ffffffff8001be8c T cfree
ffffffff8001bec0 T malloc_usable_size
ffffffff8001bf18 T mallopt
ffffffff8001bfc0 T led_toggle
ffffffff8001bfe0 T all_led_on
ffffffff8001c00c T all_led_off
ffffffff8001c030 T reset_button_status
ffffffff8001c044 T gpio_config
ffffffff8001c0d8 T ar7240_mem_config
ffffffff8001c158 T initdram
ffffffff8001c18c T print_mem_type
ffffffff8001c200 t flash_set_geom
ffffffff8001c260 t ar7240_spi_write_enable
ffffffff8001c2d0 t ar7240_spi_poll
ffffffff8001c350 T flash_init
ffffffff8001cb84 T flash_erase
ffffffff8001ce28 T write_buff
ffffffff8001d0d0 T do_reset
ffffffff8001d0ec T flush_cache
ffffffff8001d140 T simple_mips_cache_reset
ffffffff8001d158 t _arai_icache_loop
ffffffff8001d170 t _arai_dcache_loop
ffffffff8001d188 T mips_cache_reset
ffffffff8001d320 T dcache_status
ffffffff8001d330 T dcache_disable
ffffffff8001d34c T mips_cache_lock
ffffffff8001d3a8 T dcache_flush_range
ffffffff8001d3b4 t cache_loop_d_flush_range
ffffffff8001d3d0 T mips_cache_flush
ffffffff8001d3e4 t cache_loop_flush
ffffffff8001d408 t cache_loop_d_flush
ffffffff8001d424 T mips_icache_flush_ix
ffffffff8001d438 t icache_loop_flush_ix
ffffffff8001d454 T mips_cache_lock_24k
ffffffff8001d468 t cache_loop_lock
ffffffff8001d4a0 T ar7240_ddr_find_size
ffffffff8001d4f0 T ar7240_sys_frequency
ffffffff8001d5d4 T serial_init
ffffffff8001d644 T serial_tstc
ffffffff8001d658 T serial_getc
ffffffff8001d680 T serial_putc
ffffffff8001d6e0 T serial_puts
ffffffff8001d740 T hornet_ddr_init
ffffffff8001d764 t mem_type
ffffffff8001d780 t ddr2_config
ffffffff8001d8fc t ddr1_config
ffffffff8001d9c8 T hornet_ddr_tap_init
ffffffff8001d9e8 t ddr_pat_init
ffffffff8001d9f8 t write_loop_start
ffffffff8001d9fc t pat_000
ffffffff8001da18 t pat_001
ffffffff8001da34 t pat_002
ffffffff8001da50 t pat_003
ffffffff8001da64 t pat_004
ffffffff8001da84 t pat_005
ffffffff8001daa0 t pat_006
ffffffff8001dabc t pat_007
ffffffff8001dad0 t pat_008
ffffffff8001daf0 t pat_009
ffffffff8001db0c t pat_00a
ffffffff8001db28 t pat_00b
ffffffff8001db3c t pat_00c
ffffffff8001db5c t pat_00d
ffffffff8001db78 t pat_00e
ffffffff8001db94 t pat_00f
ffffffff8001dba8 t pat_done
ffffffff8001dbec t load_tap
ffffffff8001dc04 t pat_read
ffffffff8001dc1c t tap_addr_loop
ffffffff8001dcbc t tap_decr
ffffffff8001dcd4 t tap_incr
ffffffff8001dd04 t tap_fail
ffffffff8001dd4c t up_limit
ffffffff8001dd84 t tap_calc
ffffffff8001de08 t end
ffffffff8001de20 t init_baudrate
ffffffff8001de30 t display_banner
ffffffff8001de74 T sbrk
ffffffff8001dec8 T board_init_r
ffffffff8001e2cc T hang
ffffffff8001e304 T board_init_f
ffffffff8001e4e0 T timer_init
ffffffff8001e4f0 T get_timer
ffffffff8001e4fc T udelay
ffffffff8001e5a0 t linux_env_set
ffffffff8001e6dc T do_bootm_linux
ffffffff8001ec10 t nc_wait_arp_handler
ffffffff8001ec2c t nc_handler
ffffffff8001ec58 t nc_timeout
ffffffff8001ec74 T nc_start
ffffffff8001edf4 T nc_getc
ffffffff8001eeac T nc_tstc
ffffffff8001ef54 t nc_send_packet
ffffffff8001f174 T nc_putc
ffffffff8001f1e0 T nc_puts
ffffffff8001f270 T NcStart
ffffffff8001f3a0 T nc_input_packet
ffffffff8001f4c4 T drv_nc_init
ffffffff8001f580 t startAgainTimeout
ffffffff8001f59c t startAgainHandler
ffffffff8001f5a4 t PingHandler
ffffffff8001f604 t PingTimeout
ffffffff8001f644 T NetSetHandler
ffffffff8001f65c T NetSetTimeout
ffffffff8001f6c8 T NetStartAgain
ffffffff8001f870 T NetSendPacket
ffffffff8001f8a4 T NetCksum
ffffffff8001f8f0 T NetCksumOk
ffffffff8001f930 T NetEthHdrSize
ffffffff8001f970 T NetSetEther
ffffffff8001fa60 T ArpRequest
ffffffff8001fbec T ArpTimeoutCheck
ffffffff8001fcc8 T PingSend
ffffffff8001fea0 T NetSetIP
ffffffff8001ffd8 T NetSendUDPPacket
ffffffff800201d8 T copy_filename
ffffffff80020248 T ip_to_string
ffffffff800202ac T string_to_ip
ffffffff80020354 T VLAN_to_string
ffffffff800203d0 T string_to_VLAN
ffffffff80020440 T print_IPaddr
ffffffff80020498 T getenv_IPaddr
ffffffff800204e0 T getenv_VLAN
ffffffff80020528 T NetLoop
ffffffff80020d18 T NetSendHttpd
ffffffff80020de4 T NetReceiveHttpd
ffffffff80020ef8 T NetReceive
ffffffff80021598 T NetLoopHttpd
ffffffff80021a50 t TftpSend
ffffffff80021c6c t TftpHandler
ffffffff80021fd8 t TftpTimeout
ffffffff800220a0 T TftpStart
ffffffff800223e0 T eth_get_dev_by_name
ffffffff80022454 T eth_get_dev_index
ffffffff800224b4 T eth_register
ffffffff800225a4 T eth_initialize
ffffffff800227c8 T eth_set_enetaddr
ffffffff800228b4 T eth_halt
ffffffff80022908 T eth_send
ffffffff80022960 T eth_rx
ffffffff800229b0 T eth_try_another
ffffffff80022a90 T eth_init
ffffffff80022b50 T eth_set_current
ffffffff80022c1c T eth_get_name
ffffffff80022c50 t BootpCopyNetParams
ffffffff80022d78 t DhcpOptionsProcess
ffffffff80023088 t DhcpHandler
ffffffff8002374c T BootpRequest
ffffffff80023bf4 t BootpTimeout
ffffffff80023c90 T DhcpRequest
ffffffff80023cd0 T HttpdHandler
ffffffff80023dd4 T HttpdStart
ffffffff80023e18 T do_http_upgrade
ffffffff80023fb0 T do_http_progress
ffffffff80024160 t uip_add_rcv_nxt
ffffffff800241d4 T uip_init
ffffffff80024210 T uip_unlisten
ffffffff80024250 T uip_listen
ffffffff80024290 T uip_process
ffffffff80025490 T uip_add32
ffffffff80025590 T uip_chksum
ffffffff80025630 T uip_ipchksum
ffffffff80025670 T uip_tcpchksum
ffffffff80025810 t uip_arp_update
ffffffff800259f4 T uip_arp_init
ffffffff80025a80 T uip_arp_timer
ffffffff80025b58 T uip_arp_ipin
ffffffff80025c14 T uip_arp_arpin
ffffffff80025e44 T uip_arp_out
ffffffff80026100 t httpd_download_progress
ffffffff80026180 t httpd_findandstore_firstchunk
ffffffff80026564 t httpd_state_reset
ffffffff800265d8 T httpd_init
ffffffff80026620 T httpd_appcall
ffffffff800271c0 T fs_open
ffffffff80027278 T fs_init
ffffffff80027280 T crc32
ffffffff80027420 T print_size
ffffffff80027530 T strnicmp
ffffffff800275c8 T strcat
ffffffff80027614 T strncat
ffffffff8002767c T strchr
ffffffff800276d0 T strlen
ffffffff80027704 T strrchr
ffffffff80027778 T strnlen
ffffffff800277c4 T strdup
ffffffff80027844 T strspn
ffffffff800278b4 T strpbrk
ffffffff80027924 T strtok
ffffffff800279e4 T strsep
ffffffff80027a5c T strswab
ffffffff80027ae0 T memset
ffffffff80027b04 T memcpy
ffffffff80027b30 T memmove
ffffffff80027b90 T memcmp
ffffffff80027bec T strstr
ffffffff80027cc8 T memchr
ffffffff80027d00 t number
ffffffff80027f88 T simple_strtoul
ffffffff8002809c T simple_strtol
ffffffff800280f4 T vsprintf
ffffffff8002867c T sprintf
ffffffff800286c0 T lzma_inflate
ffffffff80028950 T LzmaDecodeProperties
ffffffff800289d8 T LzmaDecode
ffffffff800294b0 t dummy
ffffffff800294b8 T get_version
ffffffff800294c0 T jumptable_init
ffffffff80029570 t ag7240_halt
ffffffff800295bc t ag7240_alloc_fifo
ffffffff80029684 t ag7240_recv
ffffffff800297e8 t ag7240_send
ffffffff80029978 t ag7240_clean_rx
ffffffff8002a158 T ag7240_mii_setup
ffffffff8002a658 T ag7240_enet_initialize
ffffffff8002b120 T ag7240_miiphy_read
ffffffff8002b38c T ag7240_miiphy_write
ffffffff8002b580 T athrs26_reg_read
ffffffff8002b7f4 T athrs26_reg_write
ffffffff8002bb38 T s26_rd_phy
ffffffff8002bc34 T athrs26_phy_is_link_alive
ffffffff8002bc90 T athrs26_phy_is_fdx
ffffffff8002bdac T athrs26_phy_is_up
ffffffff8002bf18 T s26_wr_phy
ffffffff8002c014 T athrs26_powersave_off
ffffffff8002c078 T athrs26_sleep_off
ffffffff8002c0dc T athrs26_reg_init
ffffffff8002c184 T athrs26_reg_init_lan
ffffffff8002c4b8 T athrs26_phy_setup
ffffffff8002c828 T athrs26_phy_speed
ffffffff8002ca0c T athrs26_mdc_check
ffffffff8002ca80 r bitpattern.1903
ffffffff8002caa0 r oc_profiles
ffffffff8002cca0 R version_string
ffffffff8002ceb0 r data_uboot_html
ffffffff8002d3f4 r data_style_css
ffffffff8002d89c r data_index_html
ffffffff8002de50 r data_flashing_html
ffffffff8002e7f8 r data_fail_html
ffffffff8002eba0 r data_art_html
ffffffff8002f108 r data_404_html
ffffffff8002f3f0 r crc_table
ffffffff8002f990 r __func__.2525
ffffffff8002f9a4 r __func__.2510
ffffffff8002f9b8 r __func__.2422
ffffffff80032bb0 D load_addr
ffffffff80032bc0 D dp_last_length
ffffffff80032bd0 D op_table
ffffffff80032c40 D stdio_names
ffffffff80032c50 D default_environment
ffffffff80032fd0 D env_get_char
ffffffff80032fe0 d reserved_list
ffffffff80033070 d tab_seq
ffffffff8003307c d erase_seq
ffffffff80033080 d sbrk_base
ffffffff80033084 d mmap_threshold
ffffffff80033088 d trim_threshold
ffffffff80033090 d av_
ffffffff800334a0 D init_sequence
ffffffff800334c0 D NetOurNativeVLAN
ffffffff800334c2 D NetOurVLAN
ffffffff800334c4 D NetBcastAddr
ffffffff800334d0 D uip_ethaddr
ffffffff800334e0 d eol2
ffffffff800334e8 d eol
ffffffff800334f0 D file_uboot_html
ffffffff80033500 D file_style_css
ffffffff80033510 D file_index_html
ffffffff80033520 D file_flashing_html
ffffffff80033530 D file_fail_html
ffffffff80033540 D file_art_html
ffffffff80033550 D file_404_html
ffffffff80033560 D _ctype
ffffffff80033660 d athrPhyInfo
ffffffff800336f0 A _gp
ffffffff800336f0 D _GLOBAL_OFFSET_TABLE_
ffffffff800336f0 D __got_start
ffffffff80033ba4 A __u_boot_cmd_start
ffffffff80033ba4 D __got_end
ffffffff80033ba4 D __u_boot_cmd_bootd
ffffffff80033bbc D __u_boot_cmd_boot
ffffffff80033bd4 D __u_boot_cmd_bootm
ffffffff80033bec D __u_boot_cmd_reset
ffffffff80033c04 D __u_boot_cmd_go
ffffffff80033c1c D __u_boot_cmd_erase
ffffffff80033c34 D __u_boot_cmd_cp
ffffffff80033c4c D __u_boot_cmd_mtest
ffffffff80033c64 D __u_boot_cmd_mw
ffffffff80033c7c D __u_boot_cmd_nm
ffffffff80033c94 D __u_boot_cmd_mm
ffffffff80033cac D __u_boot_cmd_md
ffffffff80033cc4 D __u_boot_cmd_clearclk
ffffffff80033cdc D __u_boot_cmd_setclk
ffffffff80033cf4 D __u_boot_cmd_startsc
ffffffff80033d0c D __u_boot_cmd_startnc
ffffffff80033d24 D __u_boot_cmd_setmac
ffffffff80033d3c D __u_boot_cmd_printmac
ffffffff80033d54 D __u_boot_cmd_ping
ffffffff80033d6c D __u_boot_cmd_dhcp
ffffffff80033d84 D __u_boot_cmd_tftpboot
ffffffff80033d9c D __u_boot_cmd_httpd
ffffffff80033db4 D __u_boot_cmd_run
ffffffff80033dcc D __u_boot_cmd_setenv
ffffffff80033de4 D __u_boot_cmd_printenv
ffffffff80033dfc D __u_boot_cmd_itest
ffffffff80033e14 D __u_boot_cmd_question_mark
ffffffff80033e2c D __u_boot_cmd_help
ffffffff80033e44 D __u_boot_cmd_exit
ffffffff80033e5c D __u_boot_cmd_test
ffffffff80033e74 D __u_boot_cmd_echo
ffffffff80033e8c D __u_boot_cmd_version
ffffffff80033ea4 A __u_boot_cmd_end
ffffffff80033ea4 A uboot_end_data
ffffffff80033eb0 b ctrlc_was_pressed
ffffffff80033eb4 b ctrlc_disabled
ffffffff80033ec0 B stdio_devices
ffffffff80033ecc B devlist
ffffffff80033ed0 B env_ptr
ffffffff80033ee0 b the_command.2064
ffffffff800342e0 b buf.2257
ffffffff80034308 b local.2048
ffffffff80034320 b top_vars
ffffffff80034324 b do_repeat
ffffffff80034328 b flag_repeat
ffffffff8003432c b map
ffffffff8003442c b ifs
ffffffff80034430 b current_mallinfo
ffffffff80034458 b max_total_mem
ffffffff8003445c b max_sbrked_mem
ffffffff80034460 b n_mmaps_max
ffffffff80034464 b top_pad
ffffffff80034470 b mem_malloc_brk
ffffffff80034474 b mem_malloc_end
ffffffff80034478 b mem_malloc_start
ffffffff80034480 b linux_env_idx
ffffffff80034484 b linux_env_p
ffffffff80034488 b linux_env
ffffffff8003448c b linux_argv
ffffffff80034490 b linux_argc
ffffffff800344a0 B net_loop_last_protocol
ffffffff800344a4 b output_packet_len
ffffffff800344a8 b output_packet
ffffffff800344ac b nc_port
ffffffff800344b0 b nc_ip
ffffffff800344b4 b nc_ether
ffffffff800344bc b net_timeout
ffffffff800344c0 b output_recursion
ffffffff800344c4 b input_recursion
ffffffff800344c8 b input_offset
ffffffff800344cc b input_size
ffffffff800344d0 b input_buffer
ffffffff800346d0 B NetTxPacket
ffffffff800346d4 B NetRestartWrap
ffffffff800346d8 B NetEtherNullAddr
ffffffff800346e0 B NetServerEther
ffffffff800346e6 B NetBootFileSize
ffffffff800346e8 B NetOurRootPath
ffffffff80034728 B NetOurHostName
ffffffff80034748 B NetOurNISDomain
ffffffff80034768 B NetOurDNSIP
ffffffff8003476c B NetOurGatewayIP
ffffffff80034770 B NetOurSubnetMask
ffffffff80034774 B webfailsafe_upgrade_type
ffffffff80034778 B webfailsafe_ready_for_upgrade
ffffffff8003477c B webfailsafe_is_running
ffffffff80034780 B webfailsafe_data_pointer
ffffffff80034784 b mac.2509
ffffffff8003478a b PingSeqNo
ffffffff8003478c b timeDelta
ffffffff80034790 b timeStart
ffffffff80034794 b timeHandler
ffffffff80034798 b packetHandler
ffffffff8003479c b NetDevExists
ffffffff800347a0 b NetRestarted
ffffffff800347b0 b tftp_filename
ffffffff800347b4 b default_filename
ffffffff800347c4 b TftpBlockWrapOffset
ffffffff800347c8 b TftpBlockWrap
ffffffff800347cc b TftpLastBlock
ffffffff800347d0 b TftpBlock
ffffffff800347d4 b TftpState
ffffffff800347d8 b TftpTimeoutCount
ffffffff800347dc b TftpOurPort
ffffffff800347e0 b TftpServerPort
ffffffff800347f0 b first_failed.2187
ffffffff800347f4 b eth_devices
ffffffff80034800 B NetDHCPServerIP
ffffffff80034804 B dhcp_leasetime
ffffffff80034808 B dhcp_state
ffffffff80034810 b arptimer
ffffffff80034820 b tmp16
ffffffff80034822 b opt
ffffffff80034823 b c
ffffffff80034824 b iss
ffffffff80034828 b ipid
ffffffff80034830 b tmpage
ffffffff80034831 b arptime
ffffffff80034832 b c
ffffffff80034833 b i
ffffffff80034834 b ipaddr
ffffffff80034838 b arp_table
ffffffff80034850 b boundary_value
ffffffff80034854 b post_packet_counter
ffffffff80034858 b data_start_found
ffffffff8003485c b webfailsafe_upload_failed
ffffffff80034860 b webfailsafe_post_done
ffffffff80034870 b rpos
ffffffff80034880 b athr26_init_flag1
ffffffff80034881 b athr26_init_flag
ffffffff80034890 B header
ffffffff800348d0 B dp_last_size
ffffffff800348d4 B dp_last_addr
ffffffff800348d8 B mm_last_size
ffffffff800348dc B mm_last_addr
ffffffff800348e0 B nesting_level
ffffffff800348e4 B last_return_code
ffffffff800348e8 B console_buffer
ffffffff80034ce8 B flash_info
ffffffff80039cf8 B monitor_flash_len
ffffffff80039cfc B NetArpWaitTry
ffffffff80039d00 B NetArpWaitPacketMAC
ffffffff80039d04 B NetOurEther
ffffffff80039d0c B NetOurIP
ffffffff80039d10 B NetPingIP
ffffffff80039d14 B NetServerIP
ffffffff80039d18 B NetArpWaitTxPacketSize
ffffffff80039d1c B NetArpWaitReplyIP
ffffffff80039d20 B NetRxPackets
ffffffff80039d60 B NetArpWaitTxPacket
ffffffff80039d64 B NetArpWaitPacketIP
ffffffff80039d68 B NetState
ffffffff80039d6c B BootFile
ffffffff80039dec B NetIPID
ffffffff80039df0 B NetRxPkt
ffffffff80039df4 B NetArpWaitPacketBuf
ffffffff8003a414 B NetRxPktLen
ffffffff8003a418 B NetBootFileXferSize
ffffffff8003a41c B PktBuf
ffffffff80040a3c B NetArpWaitTimerStart
ffffffff80040a40 B eth_current
ffffffff80040a44 B seed1
ffffffff80040a48 B BootpTry
ffffffff80040a4c B BootpID
ffffffff80040a50 B seed2
ffffffff80040a54 B uip_len
ffffffff80040a58 B uip_sappdata
ffffffff80040a5c B uip_acc32
ffffffff80040a60 B uip_flags
ffffffff80040a64 B uip_appdata
ffffffff80040a68 B uip_conn
ffffffff80040a6c B uip_conns
ffffffff80040ac4 B uip_arp_netmask
ffffffff80040ac8 B uip_listenports
ffffffff80040aca B uip_surglen
ffffffff80040acc B uip_urgdata
ffffffff80040ad0 B uip_hostaddr
ffffffff80040ad4 B uip_arp_draddr
ffffffff80040ad8 B uip_urglen
ffffffff80040adc B uip_buf
ffffffff800410ba B uip_slen
ffffffff800410bc B hs
ffffffff800410c0 B ___strtok
ffffffff800410c4 B ag7240_macs
ffffffff800410cc A uboot_end
