Archive member included because of file (symbol)

common/libcommon.a(cmd_bootm.o)
                              (__u_boot_cmd_bootd)
common/libcommon.a(cmd_boot.o)
                              (__u_boot_cmd_reset)
common/libcommon.a(cmd_flash.o)
                              (__u_boot_cmd_erase)
common/libcommon.a(cmd_mem.o)
                              (__u_boot_cmd_cp)
common/libcommon.a(cmd_custom.o)
                              (__u_boot_cmd_clearclk)
common/libcommon.a(cmd_net.o)
                              (__u_boot_cmd_ping)
common/libcommon.a(cmd_nvedit.o)
                              common/libcommon.a(cmd_net.o) (setenv)
common/libcommon.a(cmd_itest.o)
                              (__u_boot_cmd_itest)
common/libcommon.a(command.o)
                              (__u_boot_cmd_question_mark)
common/libcommon.a(console.o)
                              common/libcommon.a(cmd_bootm.o) (printf)
common/libcommon.a(devices.o)
                              common/libcommon.a(console.o) (devlist)
common/libcommon.a(env_common.o)
                              common/libcommon.a(cmd_nvedit.o) (env_crc_update)
common/libcommon.a(env_nowhere.o)
                              common/libcommon.a(env_common.o) (env_relocate_spec)
common/libcommon.a(flash.o)   common/libcommon.a(cmd_mem.o) (addr2info)
common/libcommon.a(lists.o)   common/libcommon.a(devices.o) (ListCreate)
common/libcommon.a(hush.o)    common/libcommon.a(cmd_bootm.o) (parse_string_outer)
common/libcommon.a(main.o)    common/libcommon.a(cmd_mem.o) (readline)
common/libcommon.a(dlmalloc.o)
                              common/libcommon.a(lists.o) (free)
board/ar7240/ap121/libap121.a(ap121.o)
                              common/libcommon.a(main.o) (all_led_on)
board/ar7240/ap121/libap121.a(ar7240_flash.o)
                              common/libcommon.a(cmd_flash.o) (flash_info)
cpu/mips/libmips.a(cpu.o)     common/libcommon.a(cmd_boot.o) (do_reset)
cpu/mips/libmips.a(cache.o)   cpu/mips/libmips.a(cpu.o) (dcache_flush_range)
cpu/mips/ar7240/libar7240.a(meminit.o)
                              board/ar7240/ap121/libap121.a(ap121.o) (ar7240_ddr_find_size)
cpu/mips/ar7240/libar7240.a(hornet_serial.o)
                              common/libcommon.a(cmd_custom.o) (ar7240_sys_frequency)
cpu/mips/ar7240/libar7240.a(hornet_ddr_init.o)
                              board/ar7240/ap121/libap121.a(ap121.o) (hornet_ddr_tap_init)
lib_mips/libmips.a(board.o)   common/libcommon.a(command.o) (version_string)
lib_mips/libmips.a(time.o)    common/libcommon.a(cmd_nvedit.o) (udelay)
lib_mips/libmips.a(mips_linux.o)
                              common/libcommon.a(cmd_bootm.o) (do_bootm_linux)
drivers/libdrivers.a(netconsole.o)
                              common/libcommon.a(devices.o) (drv_nc_init)
net/libnet.a(net.o)           drivers/libdrivers.a(netconsole.o) (NetState)
net/libnet.a(tftp.o)          net/libnet.a(net.o) (TftpStart)
net/libnet.a(eth.o)           net/libnet.a(net.o) (eth_get_dev_index)
net/libnet.a(bootp.o)         net/libnet.a(net.o) (BootpTry)
net/libnet.a(httpd.o)         net/libnet.a(net.o) (HttpdHandler)
httpd/libhttpd.a(uip.o)       net/libnet.a(httpd.o) (uip_conn)
httpd/libhttpd.a(uip_arch.o)  httpd/libhttpd.a(uip.o) (uip_add32)
httpd/libhttpd.a(uip_arp.o)   net/libnet.a(httpd.o) (uip_arp_timer)
httpd/libhttpd.a(httpd.o)     net/libnet.a(httpd.o) (httpd_init)
httpd/libhttpd.a(fs.o)        httpd/libhttpd.a(httpd.o) (fs_open)
lib_generic/libgeneric.a(crc32.o)
                              common/libcommon.a(env_common.o) (crc32)
lib_generic/libgeneric.a(ctype.o)
                              common/libcommon.a(hush.o) (_ctype)
lib_generic/libgeneric.a(display_options.o)
                              common/libcommon.a(cmd_bootm.o) (print_size)
lib_generic/libgeneric.a(string.o)
                              common/libcommon.a(hush.o) (strcat)
lib_generic/libgeneric.a(vsprintf.o)
                              common/libcommon.a(cmd_bootm.o) (simple_strtoul)
lib_generic/libgeneric.a(LzmaWrapper.o)
                              common/libcommon.a(cmd_bootm.o) (lzma_inflate)
lib_generic/libgeneric.a(LzmaDecode.o)
                              lib_generic/libgeneric.a(LzmaWrapper.o) (LzmaDecodeProperties)
common/libcommon.a(exports.o)
                              lib_mips/libmips.a(board.o) (jumptable_init)
cpu/mips/ar7240/libar7240.a(ag7240.o)
                              net/libnet.a(eth.o) (ag7240_enet_initialize)
board/ar7240/ap121/libap121.a(ar7240_s26_phy.o)
                              cpu/mips/ar7240/libar7240.a(ag7240.o) (athrs26_phy_is_fdx)

Allocating common symbols
Common symbol       size              file

dp_last_size        0x4               common/libcommon.a(cmd_mem.o)
console_buffer      0x400             common/libcommon.a(main.o)
NetArpWaitTry       0x4               net/libnet.a(net.o)
NetArpWaitPacketMAC
                    0x4               net/libnet.a(net.o)
flash_info          0x5010            board/ar7240/ap121/libap121.a(ar7240_flash.o)
NetOurEther         0x6               net/libnet.a(net.o)
uip_len             0x2               httpd/libhttpd.a(uip.o)
NetOurIP            0x4               net/libnet.a(net.o)
NetPingIP           0x4               net/libnet.a(net.o)
NetServerIP         0x4               net/libnet.a(net.o)
monitor_flash_len   0x4               lib_mips/libmips.a(board.o)
hs                  0x4               httpd/libhttpd.a(httpd.o)
seed1               0x4               net/libnet.a(bootp.o)
___strtok           0x4               lib_generic/libgeneric.a(string.o)
NetArpWaitTxPacketSize
                    0x4               net/libnet.a(net.o)
NetArpWaitReplyIP   0x4               net/libnet.a(net.o)
uip_sappdata        0x4               httpd/libhttpd.a(uip.o)
NetRxPackets        0x40              net/libnet.a(net.o)
NetArpWaitTxPacket  0x4               net/libnet.a(net.o)
uip_acc32           0x4               httpd/libhttpd.a(uip.o)
NetArpWaitPacketIP  0x4               net/libnet.a(net.o)
NetState            0x4               net/libnet.a(net.o)
BootpTry            0x4               net/libnet.a(bootp.o)
uip_flags           0x1               httpd/libhttpd.a(uip.o)
BootFile            0x80              net/libnet.a(net.o)
eth_current         0x4               net/libnet.a(eth.o)
dp_last_addr        0x4               common/libcommon.a(cmd_mem.o)
mm_last_size        0x4               common/libcommon.a(cmd_mem.o)
mm_last_addr        0x4               common/libcommon.a(cmd_mem.o)
NetIPID             0x4               net/libnet.a(net.o)
nesting_level       0x4               common/libcommon.a(hush.o)
BootpID             0x4               net/libnet.a(bootp.o)
uip_appdata         0x4               httpd/libhttpd.a(uip.o)
last_return_code    0x4               common/libcommon.a(hush.o)
uip_conn            0x4               httpd/libhttpd.a(uip.o)
NetRxPkt            0x4               net/libnet.a(net.o)
uip_conns           0x58              httpd/libhttpd.a(uip.o)
uip_arp_netmask     0x4               httpd/libhttpd.a(uip.o)
ag7240_macs         0x8               cpu/mips/ar7240/libar7240.a(ag7240.o)
NetArpWaitPacketBuf
                    0x620             net/libnet.a(net.o)
uip_listenports     0x2               httpd/libhttpd.a(uip.o)
header              0x40              common/libcommon.a(cmd_bootm.o)
NetRxPktLen         0x4               net/libnet.a(net.o)
uip_surglen         0x1               httpd/libhttpd.a(uip.o)
NetBootFileXferSize
                    0x4               net/libnet.a(net.o)
seed2               0x4               net/libnet.a(bootp.o)
PktBuf              0x6620            net/libnet.a(net.o)
uip_urgdata         0x4               httpd/libhttpd.a(uip.o)
uip_hostaddr        0x4               httpd/libhttpd.a(uip.o)
uip_arp_draddr      0x4               httpd/libhttpd.a(uip.o)
uip_urglen          0x1               httpd/libhttpd.a(uip.o)
uip_buf             0x5de             httpd/libhttpd.a(uip.o)
uip_slen            0x2               httpd/libhttpd.a(uip.o)
NetArpWaitTimerStart
                    0x4               net/libnet.a(net.o)

Discarded input sections

 .reginfo       0x0000000000000000       0x18 common/libcommon.a(cmd_bootm.o)
 .reginfo       0x0000000000000000       0x18 common/libcommon.a(cmd_boot.o)
 .reginfo       0x0000000000000000       0x18 common/libcommon.a(cmd_flash.o)
 .reginfo       0x0000000000000000       0x18 common/libcommon.a(cmd_mem.o)
 .reginfo       0x0000000000000000       0x18 common/libcommon.a(cmd_custom.o)
 .reginfo       0x0000000000000000       0x18 common/libcommon.a(cmd_net.o)
 .reginfo       0x0000000000000000       0x18 common/libcommon.a(cmd_nvedit.o)
 .reginfo       0x0000000000000000       0x18 common/libcommon.a(cmd_itest.o)
 .reginfo       0x0000000000000000       0x18 common/libcommon.a(command.o)
 .reginfo       0x0000000000000000       0x18 common/libcommon.a(console.o)
 .reginfo       0x0000000000000000       0x18 common/libcommon.a(devices.o)
 .reginfo       0x0000000000000000       0x18 common/libcommon.a(env_common.o)
 .reginfo       0x0000000000000000       0x18 common/libcommon.a(env_nowhere.o)
 .reginfo       0x0000000000000000       0x18 common/libcommon.a(flash.o)
 .reginfo       0x0000000000000000       0x18 common/libcommon.a(lists.o)
 .reginfo       0x0000000000000000       0x18 common/libcommon.a(hush.o)
 .reginfo       0x0000000000000000       0x18 common/libcommon.a(main.o)
 .reginfo       0x0000000000000000       0x18 common/libcommon.a(dlmalloc.o)
 .reginfo       0x0000000000000000       0x18 board/ar7240/ap121/libap121.a(ap121.o)
 .reginfo       0x0000000000000000       0x18 board/ar7240/ap121/libap121.a(ar7240_flash.o)
 .reginfo       0x0000000000000000       0x18 cpu/mips/libmips.a(cpu.o)
 .reginfo       0x0000000000000000       0x18 cpu/mips/libmips.a(cache.o)
 .reginfo       0x0000000000000000       0x18 cpu/mips/ar7240/libar7240.a(meminit.o)
 .reginfo       0x0000000000000000       0x18 cpu/mips/ar7240/libar7240.a(hornet_serial.o)
 .reginfo       0x0000000000000000       0x18 cpu/mips/ar7240/libar7240.a(hornet_ddr_init.o)
 .reginfo       0x0000000000000000       0x18 lib_mips/libmips.a(board.o)
 .reginfo       0x0000000000000000       0x18 lib_mips/libmips.a(time.o)
 .reginfo       0x0000000000000000       0x18 lib_mips/libmips.a(mips_linux.o)
 .reginfo       0x0000000000000000       0x18 drivers/libdrivers.a(netconsole.o)
 .reginfo       0x0000000000000000       0x18 net/libnet.a(net.o)
 .reginfo       0x0000000000000000       0x18 net/libnet.a(tftp.o)
 .reginfo       0x0000000000000000       0x18 net/libnet.a(eth.o)
 .reginfo       0x0000000000000000       0x18 net/libnet.a(bootp.o)
 .reginfo       0x0000000000000000       0x18 net/libnet.a(httpd.o)
 .reginfo       0x0000000000000000       0x18 httpd/libhttpd.a(uip.o)
 .reginfo       0x0000000000000000       0x18 httpd/libhttpd.a(uip_arch.o)
 .reginfo       0x0000000000000000       0x18 httpd/libhttpd.a(uip_arp.o)
 .reginfo       0x0000000000000000       0x18 httpd/libhttpd.a(httpd.o)
 .reginfo       0x0000000000000000       0x18 httpd/libhttpd.a(fs.o)
 .reginfo       0x0000000000000000       0x18 lib_generic/libgeneric.a(crc32.o)
 .reginfo       0x0000000000000000       0x18 lib_generic/libgeneric.a(ctype.o)
 .reginfo       0x0000000000000000       0x18 lib_generic/libgeneric.a(display_options.o)
 .reginfo       0x0000000000000000       0x18 lib_generic/libgeneric.a(string.o)
 .reginfo       0x0000000000000000       0x18 lib_generic/libgeneric.a(vsprintf.o)
 .reginfo       0x0000000000000000       0x18 lib_generic/libgeneric.a(LzmaWrapper.o)
 .reginfo       0x0000000000000000       0x18 lib_generic/libgeneric.a(LzmaDecode.o)
 .reginfo       0x0000000000000000       0x18 common/libcommon.a(exports.o)
 .reginfo       0x0000000000000000       0x18 cpu/mips/ar7240/libar7240.a(ag7240.o)
 .reginfo       0x0000000000000000       0x18 board/ar7240/ap121/libap121.a(ar7240_s26_phy.o)

Memory Configuration

Name             Origin             Length             Attributes
*default*        0x0000000000000000 0xffffffffffffffff

Linker script and memory map

                0x0000000000000000                . = 0x0
                0x0000000000000000                . = ALIGN (0x4)

.text           0x0000000080010000    0x1ca80
 *(.text*)
 .text          0x0000000080010000       0xf0 cpu/mips/start.o
                0x0000000080010000                _start
                0x0000000080010030                relocate_code
 .text          0x00000000800100f0      0x390 common/libcommon.a(cmd_bootm.o)
                0x00000000800100f0                do_bootd
                0x0000000080010148                fake_image_header
                0x0000000080010210                print_image_hdr
                0x00000000800102dc                do_bootm
 .text          0x0000000080010480      0x120 common/libcommon.a(cmd_boot.o)
                0x0000000080010480                do_go
 .text          0x00000000800105a0      0x8c0 common/libcommon.a(cmd_flash.o)
                0x00000000800105a0                flash_sect_erase
                0x0000000080010844                do_flerase
 .text          0x0000000080010e60     0x12d0 common/libcommon.a(cmd_mem.o)
                0x0000000080010e60                do_mem_mtest
                0x0000000080011598                cmd_get_data_size
                0x0000000080011670                do_mem_md
                0x0000000080011ca8                do_mem_mm
                0x0000000080011cf8                do_mem_nm
                0x0000000080011d48                do_mem_mw
                0x0000000080011eec                do_mem_cp
 .text          0x0000000080012130      0x890 common/libcommon.a(cmd_custom.o)
                0x0000000080012130                do_print_mac
                0x00000000800121d8                do_set_mac
                0x00000000800123d8                do_start_nc
                0x0000000080012418                do_start_sc
                0x0000000080012458                do_clear_clocks
                0x000000008001256c                do_set_clocks
 .text          0x00000000800129c0      0x690 common/libcommon.a(cmd_net.o)
                0x00000000800129c0                do_httpd
                0x0000000080012e64                do_tftpb
                0x0000000080012ea4                do_dhcp
                0x0000000080012ee4                do_ping
 .text          0x0000000080013050      0xe70 common/libcommon.a(cmd_nvedit.o)
                0x0000000080013128                do_printenv
                0x000000008001340c                _do_setenv
                0x0000000080013b60                do_setenv
                0x0000000080013c00                setenv
                0x0000000080013c58                getenv
                0x0000000080013d54                getenv_r
 .text          0x0000000080013ec0      0x4b0 common/libcommon.a(cmd_itest.o)
                0x0000000080013f4c                binary_test
                0x000000008001422c                do_itest
 .text          0x0000000080014370      0xea0 common/libcommon.a(command.o)
                0x0000000080014370                do_version
                0x00000000800143b4                do_echo
                0x00000000800144d4                do_test
                0x0000000080014d38                do_exit
                0x0000000080014d9c                find_cmd
                0x0000000080014ec4                do_help
 .text          0x0000000080015210      0x8d0 common/libcommon.a(console.o)
                0x00000000800152f8                serial_printf
                0x0000000080015368                fgetc
                0x00000000800153c0                ftstc
                0x0000000080015418                fputc
                0x0000000080015474                fputs
                0x00000000800154c8                fprintf
                0x0000000080015540                getc
                0x000000008001559c                tstc
                0x00000000800155f8                putc
                0x0000000080015660                puts
                0x00000000800156c0                printf
                0x0000000080015730                ctrlc
                0x00000000800157b8                disable_ctrlc
                0x00000000800157d4                had_ctrlc
                0x00000000800157ec                clear_ctrlc
                0x0000000080015804                console_assign
                0x000000008001592c                console_init_f
                0x000000008001593c                console_init_r
 .text          0x0000000080015ae0      0x1b0 common/libcommon.a(devices.o)
                0x0000000080015ae0                device_register
                0x0000000080015b28                devices_init
                0x0000000080015c4c                devices_done
 .text          0x0000000080015c90      0x1e0 common/libcommon.a(env_common.o)
                0x0000000080015c90                env_get_char_memory
                0x0000000080015d18                env_crc_update
                0x0000000080015d6c                env_get_addr
                0x0000000080015d9c                env_relocate
 .text          0x0000000080015e70       0x40 common/libcommon.a(env_nowhere.o)
                0x0000000080015e70                env_relocate_spec
                0x0000000080015e78                env_get_char_spec
                0x0000000080015e88                env_init
 .text          0x0000000080015eb0      0x3f0 common/libcommon.a(flash.o)
                0x0000000080015eb0                addr2info
                0x0000000080015f14                flash_write
                0x00000000800160d4                flash_perror
 .text          0x00000000800162a0      0x5f0 common/libcommon.a(lists.o)
                0x00000000800162a0                NewHandle
                0x000000008001635c                DisposeHandle
                0x00000000800163b8                GetHandleSize
                0x00000000800163c0                SetHandleSize
                0x00000000800164a4                ListCreate
                0x000000008001652c                ListDispose
                0x0000000080016560                ListInsertItems
                0x0000000080016800                ListInsertItem
                0x0000000080016838                ListGetPtrToItem
                0x0000000080016878                ListNumItems
 .text          0x0000000080016890     0x2fa0 common/libcommon.a(hush.o)
                0x0000000080017770                simple_itoa
                0x00000000800177d4                new_pipe
                0x00000000800178cc                reserved_word
                0x0000000080017e10                mapset
                0x0000000080017e4c                update_ifs_map
                0x0000000080017f1c                parse_string_outer
                0x0000000080019710                parse_file_outer
                0x0000000080019778                u_boot_hush_start
 .text          0x0000000080019830     0x1080 common/libcommon.a(main.o)
                0x00000000800199b8                readline
                0x0000000080019cf4                run_command
                0x000000008001a308                main_loop
                0x000000008001a784                do_run
 .text          0x000000008001a8b0     0x1710 common/libcommon.a(dlmalloc.o)
                0x000000008001a8b0                malloc_bin_reloc
                0x000000008001a8f0                malloc_trim
                0x000000008001aa20                free
                0x000000008001ad10                malloc
                0x000000008001b530                calloc
                0x000000008001b660                realloc
                0x000000008001bc70                memalign
                0x000000008001be0c                valloc
                0x000000008001be48                pvalloc
                0x000000008001be8c                cfree
                0x000000008001bec0                malloc_usable_size
                0x000000008001bf18                mallopt
 .text          0x000000008001bfc0      0x240 board/ar7240/ap121/libap121.a(ap121.o)
                0x000000008001bfc0                led_toggle
                0x000000008001bfe0                all_led_on
                0x000000008001c00c                all_led_off
                0x000000008001c030                reset_button_status
                0x000000008001c044                gpio_config
                0x000000008001c0d8                ar7240_mem_config
                0x000000008001c158                initdram
                0x000000008001c18c                print_mem_type
 .text          0x000000008001c200      0xed0 board/ar7240/ap121/libap121.a(ar7240_flash.o)
                0x000000008001c350                flash_init
                0x000000008001cb84                flash_erase
                0x000000008001ce28                write_buff
 .text          0x000000008001d0d0       0x70 cpu/mips/libmips.a(cpu.o)
                0x000000008001d0d0                do_reset
                0x000000008001d0ec                flush_cache
 .text          0x000000008001d140      0x360 cpu/mips/libmips.a(cache.o)
                0x000000008001d140                simple_mips_cache_reset
                0x000000008001d188                mips_cache_reset
                0x000000008001d320                dcache_status
                0x000000008001d330                dcache_disable
                0x000000008001d34c                mips_cache_lock
                0x000000008001d3a8                dcache_flush_range
                0x000000008001d3d0                mips_cache_flush
                0x000000008001d424                mips_icache_flush_ix
                0x000000008001d454                mips_cache_lock_24k
 .text          0x000000008001d4a0       0x50 cpu/mips/ar7240/libar7240.a(meminit.o)
                0x000000008001d4a0                ar7240_ddr_find_size
 .text          0x000000008001d4f0      0x250 cpu/mips/ar7240/libar7240.a(hornet_serial.o)
                0x000000008001d4f0                ar7240_sys_frequency
                0x000000008001d5d4                serial_init
                0x000000008001d644                serial_tstc
                0x000000008001d658                serial_getc
                0x000000008001d680                serial_putc
                0x000000008001d6e0                serial_puts
 .text          0x000000008001d740      0x6e0 cpu/mips/ar7240/libar7240.a(hornet_ddr_init.o)
                0x000000008001d740                hornet_ddr_init
                0x000000008001d9c8                hornet_ddr_tap_init
 .text          0x000000008001de20      0x6c0 lib_mips/libmips.a(board.o)
                0x000000008001de74                sbrk
                0x000000008001dec8                board_init_r
                0x000000008001e2cc                hang
                0x000000008001e304                board_init_f
 .text          0x000000008001e4e0       0xc0 lib_mips/libmips.a(time.o)
                0x000000008001e4e0                timer_init
                0x000000008001e4f0                get_timer
                0x000000008001e4fc                udelay
 .text          0x000000008001e5a0      0x670 lib_mips/libmips.a(mips_linux.o)
                0x000000008001e6dc                do_bootm_linux
 .text          0x000000008001ec10      0x970 drivers/libdrivers.a(netconsole.o)
                0x000000008001ec74                nc_start
                0x000000008001edf4                nc_getc
                0x000000008001eeac                nc_tstc
                0x000000008001f174                nc_putc
                0x000000008001f1e0                nc_puts
                0x000000008001f270                NcStart
                0x000000008001f3a0                nc_input_packet
                0x000000008001f4c4                drv_nc_init
 .text          0x000000008001f580     0x24d0 net/libnet.a(net.o)
                0x000000008001f644                NetSetHandler
                0x000000008001f65c                NetSetTimeout
                0x000000008001f6c8                NetStartAgain
                0x000000008001f870                NetSendPacket
                0x000000008001f8a4                NetCksum
                0x000000008001f8f0                NetCksumOk
                0x000000008001f930                NetEthHdrSize
                0x000000008001f970                NetSetEther
                0x000000008001fa60                ArpRequest
                0x000000008001fbec                ArpTimeoutCheck
                0x000000008001fcc8                PingSend
                0x000000008001fea0                NetSetIP
                0x000000008001ffd8                NetSendUDPPacket
                0x00000000800201d8                copy_filename
                0x0000000080020248                ip_to_string
                0x00000000800202ac                string_to_ip
                0x0000000080020354                VLAN_to_string
                0x00000000800203d0                string_to_VLAN
                0x0000000080020440                print_IPaddr
                0x0000000080020498                getenv_IPaddr
                0x00000000800204e0                getenv_VLAN
                0x0000000080020528                NetLoop
                0x0000000080020d18                NetSendHttpd
                0x0000000080020de4                NetReceiveHttpd
                0x0000000080020ef8                NetReceive
                0x0000000080021598                NetLoopHttpd
 .text          0x0000000080021a50      0x990 net/libnet.a(tftp.o)
                0x00000000800220a0                TftpStart
 .text          0x00000000800223e0      0x870 net/libnet.a(eth.o)
                0x00000000800223e0                eth_get_dev_by_name
                0x0000000080022454                eth_get_dev_index
                0x00000000800224b4                eth_register
                0x00000000800225a4                eth_initialize
                0x00000000800227c8                eth_set_enetaddr
                0x00000000800228b4                eth_halt
                0x0000000080022908                eth_send
                0x0000000080022960                eth_rx
                0x00000000800229b0                eth_try_another
                0x0000000080022a90                eth_init
                0x0000000080022b50                eth_set_current
                0x0000000080022c1c                eth_get_name
 .text          0x0000000080022c50     0x1080 net/libnet.a(bootp.o)
                0x000000008002374c                BootpRequest
                0x0000000080023c90                DhcpRequest
 .text          0x0000000080023cd0      0x490 net/libnet.a(httpd.o)
                0x0000000080023cd0                HttpdHandler
                0x0000000080023dd4                HttpdStart
                0x0000000080023e18                do_http_upgrade
                0x0000000080023fb0                do_http_progress
 .text          0x0000000080024160     0x1330 httpd/libhttpd.a(uip.o)
                0x00000000800241d4                uip_init
                0x0000000080024210                uip_unlisten
                0x0000000080024250                uip_listen
                0x0000000080024290                uip_process
 .text          0x0000000080025490      0x380 httpd/libhttpd.a(uip_arch.o)
                0x0000000080025490                uip_add32
                0x0000000080025590                uip_chksum
                0x0000000080025630                uip_ipchksum
                0x0000000080025670                uip_tcpchksum
 .text          0x0000000080025810      0x8f0 httpd/libhttpd.a(uip_arp.o)
                0x00000000800259f4                uip_arp_init
                0x0000000080025a80                uip_arp_timer
                0x0000000080025b58                uip_arp_ipin
                0x0000000080025c14                uip_arp_arpin
                0x0000000080025e44                uip_arp_out
 .text          0x0000000080026100     0x10c0 httpd/libhttpd.a(httpd.o)
                0x00000000800265d8                httpd_init
                0x0000000080026620                httpd_appcall
 .text          0x00000000800271c0       0xc0 httpd/libhttpd.a(fs.o)
                0x00000000800271c0                fs_open
                0x0000000080027278                fs_init
 .text          0x0000000080027280      0x1a0 lib_generic/libgeneric.a(crc32.o)
                0x0000000080027280                crc32
 .text          0x0000000080027420        0x0 lib_generic/libgeneric.a(ctype.o)
 .text          0x0000000080027420      0x110 lib_generic/libgeneric.a(display_options.o)
                0x0000000080027420                print_size
 .text          0x0000000080027530      0x7d0 lib_generic/libgeneric.a(string.o)
                0x0000000080027530                strnicmp
                0x00000000800275c8                strcat
                0x0000000080027614                strncat
                0x000000008002767c                strchr
                0x00000000800276d0                strlen
                0x0000000080027704                strrchr
                0x0000000080027778                strnlen
                0x00000000800277c4                strdup
                0x0000000080027844                strspn
                0x00000000800278b4                strpbrk
                0x0000000080027924                strtok
                0x00000000800279e4                strsep
                0x0000000080027a5c                strswab
                0x0000000080027ae0                memset
                0x0000000080027b04                memcpy
                0x0000000080027b30                memmove
                0x0000000080027b90                memcmp
                0x0000000080027bec                strstr
                0x0000000080027cc8                memchr
 .text          0x0000000080027d00      0x9c0 lib_generic/libgeneric.a(vsprintf.o)
                0x0000000080027f88                simple_strtoul
                0x000000008002809c                simple_strtol
                0x00000000800280f4                vsprintf
                0x000000008002867c                sprintf
 .text          0x00000000800286c0      0x290 lib_generic/libgeneric.a(LzmaWrapper.o)
                0x00000000800286c0                lzma_inflate
 .text          0x0000000080028950      0xb60 lib_generic/libgeneric.a(LzmaDecode.o)
                0x0000000080028950                LzmaDecodeProperties
                0x00000000800289d8                LzmaDecode
 .text          0x00000000800294b0       0xc0 common/libcommon.a(exports.o)
                0x00000000800294b8                get_version
                0x00000000800294c0                jumptable_init
 .text          0x0000000080029570     0x2010 cpu/mips/ar7240/libar7240.a(ag7240.o)
                0x000000008002a158                ag7240_mii_setup
                0x000000008002a658                ag7240_enet_initialize
                0x000000008002b120                ag7240_miiphy_read
                0x000000008002b38c                ag7240_miiphy_write
 .text          0x000000008002b580     0x1500 board/ar7240/ap121/libap121.a(ar7240_s26_phy.o)
                0x000000008002b580                athrs26_reg_read
                0x000000008002b7f4                athrs26_reg_write
                0x000000008002bb38                s26_rd_phy
                0x000000008002bc34                athrs26_phy_is_link_alive
                0x000000008002bc90                athrs26_phy_is_fdx
                0x000000008002bdac                athrs26_phy_is_up
                0x000000008002bf18                s26_wr_phy
                0x000000008002c014                athrs26_powersave_off
                0x000000008002c078                athrs26_sleep_off
                0x000000008002c0dc                athrs26_reg_init
                0x000000008002c184                athrs26_reg_init_lan
                0x000000008002c4b8                athrs26_phy_setup
                0x000000008002c828                athrs26_phy_speed
                0x000000008002ca0c                athrs26_mdc_check
                0x000000008002ca80                . = ALIGN (0x4)

.rodata         0x000000008002ca80     0x6118
 *(SORT(.rodata*))
 .rodata        0x000000008002ca80       0x20 common/libcommon.a(cmd_mem.o)
 .rodata        0x000000008002caa0      0x1d0 common/libcommon.a(cmd_custom.o)
 .rodata        0x000000008002cc70       0x30 common/libcommon.a(cmd_itest.o)
 .rodata        0x000000008002cca0       0x30 lib_mips/libmips.a(board.o)
                0x000000008002cca0                version_string
 .rodata        0x000000008002ccd0       0x60 net/libnet.a(net.o)
 .rodata        0x000000008002cd30       0x20 net/libnet.a(tftp.o)
 .rodata        0x000000008002cd50      0x110 net/libnet.a(bootp.o)
 .rodata        0x000000008002ce60       0x50 httpd/libhttpd.a(uip.o)
 .rodata        0x000000008002ceb0     0x2540 httpd/libhttpd.a(fs.o)
 .rodata        0x000000008002f3f0      0x400 lib_generic/libgeneric.a(crc32.o)
 .rodata        0x000000008002f7f0      0x1a0 lib_generic/libgeneric.a(vsprintf.o)
 .rodata        0x000000008002f990       0x40 cpu/mips/ar7240/libar7240.a(ag7240.o)
 .rodata.str1.4
                0x000000008002f9d0      0x1b9 common/libcommon.a(cmd_bootm.o)
                                        0x1c8 (size before relaxing)
 *fill*         0x000000008002fb89        0x3 00
 .rodata.str1.4
                0x000000008002fb8c      0x105 common/libcommon.a(cmd_boot.o)
                                        0x108 (size before relaxing)
 *fill*         0x000000008002fc91        0x3 00
 .rodata.str1.4
                0x000000008002fc94      0x379 common/libcommon.a(cmd_flash.o)
                                        0x38c (size before relaxing)
 *fill*         0x000000008003000d        0x3 00
 .rodata.str1.4
                0x0000000080030010      0x4b7 common/libcommon.a(cmd_mem.o)
                                        0x4c8 (size before relaxing)
 *fill*         0x00000000800304c7        0x1 00
 .rodata.str1.4
                0x00000000800304c8      0x65b common/libcommon.a(cmd_custom.o)
                                        0x66c (size before relaxing)
 *fill*         0x0000000080030b23        0x1 00
 .rodata.str1.4
                0x0000000080030b24      0x204 common/libcommon.a(cmd_net.o)
                                        0x214 (size before relaxing)
 .rodata.str1.4
                0x0000000080030d28      0x2b4 common/libcommon.a(cmd_nvedit.o)
                                        0x2e0 (size before relaxing)
 .rodata.str1.4
                0x0000000080030fdc       0xdb common/libcommon.a(cmd_itest.o)
                                         0xec (size before relaxing)
 *fill*         0x00000000800310b7        0x1 00
 .rodata.str1.4
                0x00000000800310b8      0x22e common/libcommon.a(command.o)
                                        0x25c (size before relaxing)
 *fill*         0x00000000800312e6        0x2 00
 .rodata.str1.4
                0x00000000800312e8       0x2f common/libcommon.a(devices.o)
                                         0x48 (size before relaxing)
 *fill*         0x0000000080031317        0x1 00
 .rodata.str1.4
                0x0000000080031318      0x12c common/libcommon.a(flash.o)
                                        0x168 (size before relaxing)
 .rodata.str1.4
                0x0000000080031444      0x1e5 common/libcommon.a(hush.o)
                                        0x208 (size before relaxing)
 *fill*         0x0000000080031629        0x3 00
 .rodata.str1.4
                0x000000008003162c      0x309 common/libcommon.a(main.o)
                                        0x34c (size before relaxing)
 *fill*         0x0000000080031935        0x3 00
 .rodata.str1.4
                0x0000000080031938       0x21 board/ar7240/ap121/libap121.a(ap121.o)
                                         0x28 (size before relaxing)
 *fill*         0x0000000080031959        0x3 00
 .rodata.str1.4
                0x000000008003195c      0x256 board/ar7240/ap121/libap121.a(ar7240_flash.o)
                                        0x260 (size before relaxing)
 *fill*         0x0000000080031bb2        0x2 00
 .rodata.str1.4
                0x0000000080031bb4      0x121 lib_mips/libmips.a(board.o)
                                        0x148 (size before relaxing)
 *fill*         0x0000000080031cd5        0x3 00
 .rodata.str1.4
                0x0000000080031cd8       0x85 lib_mips/libmips.a(mips_linux.o)
                                         0x8c (size before relaxing)
 *fill*         0x0000000080031d5d        0x3 00
 .rodata.str1.4
                0x0000000080031d60        0xb drivers/libdrivers.a(netconsole.o)
                                         0x28 (size before relaxing)
 *fill*         0x0000000080031d6b        0x1 00
 .rodata.str1.4
                0x0000000080031d6c      0x2ae net/libnet.a(net.o)
                                        0x2d8 (size before relaxing)
 *fill*         0x000000008003201a        0x2 00
 .rodata.str1.4
                0x000000008003201c      0x20f net/libnet.a(tftp.o)
                                        0x218 (size before relaxing)
 *fill*         0x000000008003222b        0x1 00
 .rodata.str1.4
                0x000000008003222c       0x28 net/libnet.a(eth.o)
                                         0x50 (size before relaxing)
 .rodata.str1.4
                0x0000000080032254      0x19b net/libnet.a(bootp.o)
                                        0x1bc (size before relaxing)
 *fill*         0x00000000800323ef        0x1 00
 .rodata.str1.4
                0x00000000800323f0      0x1e8 net/libnet.a(httpd.o)
                                        0x224 (size before relaxing)
 .rodata.str1.4
                0x00000000800325d8      0x2eb httpd/libhttpd.a(httpd.o)
                                        0x300 (size before relaxing)
 *fill*         0x00000000800328c3        0x1 00
 .rodata.str1.4
                0x00000000800328c4       0x56 httpd/libhttpd.a(fs.o)
                                         0x58 (size before relaxing)
 *fill*         0x000000008003291a        0x2 00
 .rodata.str1.4
                0x000000008003291c       0x13 lib_generic/libgeneric.a(display_options.o)
                                         0x14 (size before relaxing)
 *fill*         0x000000008003292f        0x1 00
 .rodata.str1.4
                0x0000000080032930       0x57 lib_generic/libgeneric.a(vsprintf.o)
                                         0x58 (size before relaxing)
 *fill*         0x0000000080032987        0x1 00
 .rodata.str1.4
                0x0000000080032988      0x1ce cpu/mips/ar7240/libar7240.a(ag7240.o)
                                        0x1dc (size before relaxing)
 *fill*         0x0000000080032b56        0x2 00
 .rodata.str1.4
                0x0000000080032b58       0x40 board/ar7240/ap121/libap121.a(ar7240_s26_phy.o)
                                         0x48 (size before relaxing)

.reginfo        0x0000000080032b98       0x18
 .reginfo       0x0000000080032b98       0x18 cpu/mips/start.o

.rel.dyn        0x0000000080032bb0        0x0
 .rel.dyn       0x0000000000000000        0x0 cpu/mips/start.o
                0x0000000080032bb0                . = ALIGN (0x4)

.data           0x0000000080032bb0      0xb40
 *(.data*)
 .data          0x0000000080032bb0        0x0 cpu/mips/start.o
 .data          0x0000000080032bb0       0x10 common/libcommon.a(cmd_bootm.o)
                0x0000000080032bb0                load_addr
 .data          0x0000000080032bc0        0x0 common/libcommon.a(cmd_boot.o)
 .data          0x0000000080032bc0        0x0 common/libcommon.a(cmd_flash.o)
 .data          0x0000000080032bc0       0x10 common/libcommon.a(cmd_mem.o)
                0x0000000080032bc0                dp_last_length
 .data          0x0000000080032bd0        0x0 common/libcommon.a(cmd_custom.o)
 .data          0x0000000080032bd0        0x0 common/libcommon.a(cmd_net.o)
 .data          0x0000000080032bd0        0x0 common/libcommon.a(cmd_nvedit.o)
 .data          0x0000000080032bd0        0x0 common/libcommon.a(cmd_itest.o)
 .data.rel.local
                0x0000000080032bd0       0x68 common/libcommon.a(cmd_itest.o)
                0x0000000080032bd0                op_table
 *fill*         0x0000000080032c38        0x8 00
 .data          0x0000000080032c40        0x0 common/libcommon.a(command.o)
 .data          0x0000000080032c40        0x0 common/libcommon.a(console.o)
 .data          0x0000000080032c40        0x0 common/libcommon.a(devices.o)
 .data.rel.local
                0x0000000080032c40        0xc common/libcommon.a(devices.o)
                0x0000000080032c40                stdio_names
 *fill*         0x0000000080032c4c        0x4 00
 .data          0x0000000080032c50      0x380 common/libcommon.a(env_common.o)
                0x0000000080032c50                default_environment
 .data.rel.local
                0x0000000080032fd0        0x4 common/libcommon.a(env_common.o)
                0x0000000080032fd0                env_get_char
 *fill*         0x0000000080032fd4        0xc 00
 .data          0x0000000080032fe0        0x0 common/libcommon.a(env_nowhere.o)
 .data          0x0000000080032fe0        0x0 common/libcommon.a(flash.o)
 .data          0x0000000080032fe0        0x0 common/libcommon.a(lists.o)
 .data          0x0000000080032fe0        0x0 common/libcommon.a(hush.o)
 .data.rel.local
                0x0000000080032fe0       0x84 common/libcommon.a(hush.o)
 *fill*         0x0000000080033064        0xc 00
 .data          0x0000000080033070       0x10 common/libcommon.a(main.o)
 .data          0x0000000080033080       0x10 common/libcommon.a(dlmalloc.o)
 .data.rel.local
                0x0000000080033090      0x408 common/libcommon.a(dlmalloc.o)
 *fill*         0x0000000080033498        0x8 00
 .data          0x00000000800334a0        0x0 board/ar7240/ap121/libap121.a(ap121.o)
 .data          0x00000000800334a0        0x0 board/ar7240/ap121/libap121.a(ar7240_flash.o)
 .data          0x00000000800334a0        0x0 cpu/mips/libmips.a(cpu.o)
 .data          0x00000000800334a0        0x0 cpu/mips/libmips.a(cache.o)
 .data          0x00000000800334a0        0x0 cpu/mips/ar7240/libar7240.a(meminit.o)
 .data          0x00000000800334a0        0x0 cpu/mips/ar7240/libar7240.a(hornet_serial.o)
 .data          0x00000000800334a0        0x0 cpu/mips/ar7240/libar7240.a(hornet_ddr_init.o)
 .data          0x00000000800334a0        0x0 lib_mips/libmips.a(board.o)
 .data.rel      0x00000000800334a0       0x14 lib_mips/libmips.a(board.o)
                0x00000000800334a0                init_sequence
 *fill*         0x00000000800334b4        0xc 00
 .data          0x00000000800334c0        0x0 lib_mips/libmips.a(time.o)
 .data          0x00000000800334c0        0x0 lib_mips/libmips.a(mips_linux.o)
 .data          0x00000000800334c0        0x0 drivers/libdrivers.a(netconsole.o)
 .data          0x00000000800334c0       0x10 net/libnet.a(net.o)
                0x00000000800334c0                NetOurNativeVLAN
                0x00000000800334c2                NetOurVLAN
                0x00000000800334c4                NetBcastAddr
 .data          0x00000000800334d0        0x0 net/libnet.a(tftp.o)
 .data          0x00000000800334d0        0x0 net/libnet.a(eth.o)
 .data          0x00000000800334d0        0x0 net/libnet.a(bootp.o)
 .data          0x00000000800334d0        0x0 net/libnet.a(httpd.o)
 .data          0x00000000800334d0        0x0 httpd/libhttpd.a(uip.o)
 .data          0x00000000800334d0        0x0 httpd/libhttpd.a(uip_arch.o)
 .data          0x00000000800334d0       0x10 httpd/libhttpd.a(uip_arp.o)
                0x00000000800334d0                uip_ethaddr
 .data          0x00000000800334e0       0x10 httpd/libhttpd.a(httpd.o)
 .data          0x00000000800334f0        0x0 httpd/libhttpd.a(fs.o)
 .data.rel.ro   0x00000000800334f0       0x60 httpd/libhttpd.a(fs.o)
                0x00000000800334f0                file_uboot_html
                0x0000000080033500                file_style_css
                0x0000000080033510                file_index_html
                0x0000000080033520                file_flashing_html
                0x0000000080033530                file_fail_html
                0x0000000080033540                file_art_html
 .data.rel.ro.local
                0x0000000080033550       0x10 httpd/libhttpd.a(fs.o)
                0x0000000080033550                file_404_html
 .data          0x0000000080033560        0x0 lib_generic/libgeneric.a(crc32.o)
 .data          0x0000000080033560      0x100 lib_generic/libgeneric.a(ctype.o)
                0x0000000080033560                _ctype
 .data          0x0000000080033660        0x0 lib_generic/libgeneric.a(display_options.o)
 .data          0x0000000080033660        0x0 lib_generic/libgeneric.a(string.o)
 .data          0x0000000080033660        0x0 lib_generic/libgeneric.a(vsprintf.o)
 .data          0x0000000080033660        0x0 lib_generic/libgeneric.a(LzmaWrapper.o)
 .data          0x0000000080033660        0x0 lib_generic/libgeneric.a(LzmaDecode.o)
 .data          0x0000000080033660        0x0 common/libcommon.a(exports.o)
 .data          0x0000000080033660        0x0 cpu/mips/ar7240/libar7240.a(ag7240.o)
 .data          0x0000000080033660       0x90 board/ar7240/ap121/libap121.a(ar7240_s26_phy.o)

.got.plt        0x00000000800336f0        0x0
 .got.plt       0x0000000000000000        0x0 cpu/mips/start.o
                0x00000000800336f0                . = .
                0x00000000800336f0                _gp = ALIGN (0x10)

.got            0x00000000800336f0      0x4b4
                0x00000000800336f0                __got_start = .
 *(.got)
 .got           0x00000000800336f0      0x4b4 cpu/mips/start.o
                0x00000000800336f0                _GLOBAL_OFFSET_TABLE_
                0x0000000080033ba4                __got_end = .
                0x0000000080033ba4                . = ALIGN (0x4)

.sdata
 *(.sdata*)
                0x0000000080033ba4                __u_boot_cmd_start = .

.u_boot_cmd     0x0000000080033ba4      0x300
 *(.u_boot_cmd)
 .u_boot_cmd    0x0000000080033ba4       0x48 common/libcommon.a(cmd_bootm.o)
                0x0000000080033ba4                __u_boot_cmd_bootd
                0x0000000080033bbc                __u_boot_cmd_boot
                0x0000000080033bd4                __u_boot_cmd_bootm
 .u_boot_cmd    0x0000000080033bec       0x30 common/libcommon.a(cmd_boot.o)
                0x0000000080033bec                __u_boot_cmd_reset
                0x0000000080033c04                __u_boot_cmd_go
 .u_boot_cmd    0x0000000080033c1c       0x18 common/libcommon.a(cmd_flash.o)
                0x0000000080033c1c                __u_boot_cmd_erase
 .u_boot_cmd    0x0000000080033c34       0x90 common/libcommon.a(cmd_mem.o)
                0x0000000080033c34                __u_boot_cmd_cp
                0x0000000080033c4c                __u_boot_cmd_mtest
                0x0000000080033c64                __u_boot_cmd_mw
                0x0000000080033c7c                __u_boot_cmd_nm
                0x0000000080033c94                __u_boot_cmd_mm
                0x0000000080033cac                __u_boot_cmd_md
 .u_boot_cmd    0x0000000080033cc4       0x90 common/libcommon.a(cmd_custom.o)
                0x0000000080033cc4                __u_boot_cmd_clearclk
                0x0000000080033cdc                __u_boot_cmd_setclk
                0x0000000080033cf4                __u_boot_cmd_startsc
                0x0000000080033d0c                __u_boot_cmd_startnc
                0x0000000080033d24                __u_boot_cmd_setmac
                0x0000000080033d3c                __u_boot_cmd_printmac
 .u_boot_cmd    0x0000000080033d54       0x60 common/libcommon.a(cmd_net.o)
                0x0000000080033d54                __u_boot_cmd_ping
                0x0000000080033d6c                __u_boot_cmd_dhcp
                0x0000000080033d84                __u_boot_cmd_tftpboot
                0x0000000080033d9c                __u_boot_cmd_httpd
 .u_boot_cmd    0x0000000080033db4       0x48 common/libcommon.a(cmd_nvedit.o)
                0x0000000080033db4                __u_boot_cmd_run
                0x0000000080033dcc                __u_boot_cmd_setenv
                0x0000000080033de4                __u_boot_cmd_printenv
 .u_boot_cmd    0x0000000080033dfc       0x18 common/libcommon.a(cmd_itest.o)
                0x0000000080033dfc                __u_boot_cmd_itest
 .u_boot_cmd    0x0000000080033e14       0x90 common/libcommon.a(command.o)
                0x0000000080033e14                __u_boot_cmd_question_mark
                0x0000000080033e2c                __u_boot_cmd_help
                0x0000000080033e44                __u_boot_cmd_exit
                0x0000000080033e5c                __u_boot_cmd_test
                0x0000000080033e74                __u_boot_cmd_echo
                0x0000000080033e8c                __u_boot_cmd_version
                0x0000000080033ea4                __u_boot_cmd_end = .
                0x0000000080033ea4                uboot_end_data = .
                0x000000000000012d                num_got_entries = ((__got_end - __got_start) >> 0x2)
                0x0000000080033ea4                . = ALIGN (0x4)

.sbss
 *(.sbss*)

.bss            0x0000000080033eb0     0xd21c
 *(.bss*)
 .bss           0x0000000080033eb0        0x0 cpu/mips/start.o
 .bss           0x0000000080033eb0        0x0 common/libcommon.a(cmd_bootm.o)
 .bss           0x0000000080033eb0        0x0 common/libcommon.a(cmd_boot.o)
 .bss           0x0000000080033eb0        0x0 common/libcommon.a(cmd_flash.o)
 .bss           0x0000000080033eb0        0x0 common/libcommon.a(cmd_mem.o)
 .bss           0x0000000080033eb0        0x0 common/libcommon.a(cmd_custom.o)
 .bss           0x0000000080033eb0        0x0 common/libcommon.a(cmd_net.o)
 .bss           0x0000000080033eb0        0x0 common/libcommon.a(cmd_nvedit.o)
 .bss           0x0000000080033eb0        0x0 common/libcommon.a(cmd_itest.o)
 .bss           0x0000000080033eb0        0x0 common/libcommon.a(command.o)
 .bss           0x0000000080033eb0       0x10 common/libcommon.a(console.o)
 .bss           0x0000000080033ec0       0x10 common/libcommon.a(devices.o)
                0x0000000080033ec0                stdio_devices
                0x0000000080033ecc                devlist
 .bss           0x0000000080033ed0        0x0 common/libcommon.a(env_common.o)
 .bss           0x0000000080033ed0       0x10 common/libcommon.a(env_nowhere.o)
                0x0000000080033ed0                env_ptr
 .bss           0x0000000080033ee0        0x0 common/libcommon.a(flash.o)
 .bss           0x0000000080033ee0        0x0 common/libcommon.a(lists.o)
 .bss           0x0000000080033ee0      0x550 common/libcommon.a(hush.o)
 .bss           0x0000000080034430        0x0 common/libcommon.a(main.o)
 .bss           0x0000000080034430       0x40 common/libcommon.a(dlmalloc.o)
 .bss           0x0000000080034470        0x0 board/ar7240/ap121/libap121.a(ap121.o)
 .bss           0x0000000080034470        0x0 board/ar7240/ap121/libap121.a(ar7240_flash.o)
 .bss           0x0000000080034470        0x0 cpu/mips/libmips.a(cpu.o)
 .bss           0x0000000080034470        0x0 cpu/mips/libmips.a(cache.o)
 .bss           0x0000000080034470        0x0 cpu/mips/ar7240/libar7240.a(meminit.o)
 .bss           0x0000000080034470        0x0 cpu/mips/ar7240/libar7240.a(hornet_serial.o)
 .bss           0x0000000080034470        0x0 cpu/mips/ar7240/libar7240.a(hornet_ddr_init.o)
 .bss           0x0000000080034470       0x10 lib_mips/libmips.a(board.o)
 .bss           0x0000000080034480        0x0 lib_mips/libmips.a(time.o)
 .bss           0x0000000080034480       0x20 lib_mips/libmips.a(mips_linux.o)
 .bss           0x00000000800344a0      0x230 drivers/libdrivers.a(netconsole.o)
                0x00000000800344a0                net_loop_last_protocol
 .bss           0x00000000800346d0       0xe0 net/libnet.a(net.o)
                0x00000000800346d0                NetTxPacket
                0x00000000800346d4                NetRestartWrap
                0x00000000800346d8                NetEtherNullAddr
                0x00000000800346e0                NetServerEther
                0x00000000800346e6                NetBootFileSize
                0x00000000800346e8                NetOurRootPath
                0x0000000080034728                NetOurHostName
                0x0000000080034748                NetOurNISDomain
                0x0000000080034768                NetOurDNSIP
                0x000000008003476c                NetOurGatewayIP
                0x0000000080034770                NetOurSubnetMask
                0x0000000080034774                webfailsafe_upgrade_type
                0x0000000080034778                webfailsafe_ready_for_upgrade
                0x000000008003477c                webfailsafe_is_running
                0x0000000080034780                webfailsafe_data_pointer
 .bss           0x00000000800347b0       0x40 net/libnet.a(tftp.o)
 .bss           0x00000000800347f0       0x10 net/libnet.a(eth.o)
 .bss           0x0000000080034800       0x10 net/libnet.a(bootp.o)
                0x0000000080034800                NetDHCPServerIP
                0x0000000080034804                dhcp_leasetime
                0x0000000080034808                dhcp_state
 .bss           0x0000000080034810       0x10 net/libnet.a(httpd.o)
 .bss           0x0000000080034820       0x10 httpd/libhttpd.a(uip.o)
 .bss           0x0000000080034830        0x0 httpd/libhttpd.a(uip_arch.o)
 .bss           0x0000000080034830       0x20 httpd/libhttpd.a(uip_arp.o)
 .bss           0x0000000080034850       0x20 httpd/libhttpd.a(httpd.o)
 .bss           0x0000000080034870        0x0 httpd/libhttpd.a(fs.o)
 .bss           0x0000000080034870        0x0 lib_generic/libgeneric.a(crc32.o)
 .bss           0x0000000080034870        0x0 lib_generic/libgeneric.a(ctype.o)
 .bss           0x0000000080034870        0x0 lib_generic/libgeneric.a(display_options.o)
 .bss           0x0000000080034870        0x0 lib_generic/libgeneric.a(string.o)
 .bss           0x0000000080034870        0x0 lib_generic/libgeneric.a(vsprintf.o)
 .bss           0x0000000080034870       0x10 lib_generic/libgeneric.a(LzmaWrapper.o)
 .bss           0x0000000080034880        0x0 lib_generic/libgeneric.a(LzmaDecode.o)
 .bss           0x0000000080034880        0x0 common/libcommon.a(exports.o)
 .bss           0x0000000080034880        0x0 cpu/mips/ar7240/libar7240.a(ag7240.o)
 .bss           0x0000000080034880       0x10 board/ar7240/ap121/libap121.a(ar7240_s26_phy.o)
                0x0000000080034890                . = ALIGN (0x4)
 COMMON         0x0000000080034890       0x40 common/libcommon.a(cmd_bootm.o)
                0x0000000080034890                header
 COMMON         0x00000000800348d0       0x10 common/libcommon.a(cmd_mem.o)
                0x00000000800348d0                dp_last_size
                0x00000000800348d4                dp_last_addr
                0x00000000800348d8                mm_last_size
                0x00000000800348dc                mm_last_addr
 COMMON         0x00000000800348e0        0x8 common/libcommon.a(hush.o)
                0x00000000800348e0                nesting_level
                0x00000000800348e4                last_return_code
 COMMON         0x00000000800348e8      0x400 common/libcommon.a(main.o)
                0x00000000800348e8                console_buffer
 COMMON         0x0000000080034ce8     0x5010 board/ar7240/ap121/libap121.a(ar7240_flash.o)
                0x0000000080034ce8                flash_info
 COMMON         0x0000000080039cf8        0x4 lib_mips/libmips.a(board.o)
                0x0000000080039cf8                monitor_flash_len
 COMMON         0x0000000080039cfc     0x6d44 net/libnet.a(net.o)
                0x0000000080039cfc                NetArpWaitTry
                0x0000000080039d00                NetArpWaitPacketMAC
                0x0000000080039d04                NetOurEther
                0x0000000080039d0c                NetOurIP
                0x0000000080039d10                NetPingIP
                0x0000000080039d14                NetServerIP
                0x0000000080039d18                NetArpWaitTxPacketSize
                0x0000000080039d1c                NetArpWaitReplyIP
                0x0000000080039d20                NetRxPackets
                0x0000000080039d60                NetArpWaitTxPacket
                0x0000000080039d64                NetArpWaitPacketIP
                0x0000000080039d68                NetState
                0x0000000080039d6c                BootFile
                0x0000000080039dec                NetIPID
                0x0000000080039df0                NetRxPkt
                0x0000000080039df4                NetArpWaitPacketBuf
                0x000000008003a414                NetRxPktLen
                0x000000008003a418                NetBootFileXferSize
                0x000000008003a41c                PktBuf
                0x0000000080040a3c                NetArpWaitTimerStart
 COMMON         0x0000000080040a40        0x4 net/libnet.a(eth.o)
                0x0000000080040a40                eth_current
 COMMON         0x0000000080040a44       0x10 net/libnet.a(bootp.o)
                0x0000000080040a44                seed1
                0x0000000080040a48                BootpTry
                0x0000000080040a4c                BootpID
                0x0000000080040a50                seed2
 COMMON         0x0000000080040a54      0x668 httpd/libhttpd.a(uip.o)
                0x0000000080040a54                uip_len
                0x0000000080040a58                uip_sappdata
                0x0000000080040a5c                uip_acc32
                0x0000000080040a60                uip_flags
                0x0000000080040a64                uip_appdata
                0x0000000080040a68                uip_conn
                0x0000000080040a6c                uip_conns
                0x0000000080040ac4                uip_arp_netmask
                0x0000000080040ac8                uip_listenports
                0x0000000080040aca                uip_surglen
                0x0000000080040acc                uip_urgdata
                0x0000000080040ad0                uip_hostaddr
                0x0000000080040ad4                uip_arp_draddr
                0x0000000080040ad8                uip_urglen
                0x0000000080040adc                uip_buf
                0x00000000800410ba                uip_slen
 COMMON         0x00000000800410bc        0x4 httpd/libhttpd.a(httpd.o)
                0x00000000800410bc                hs
 COMMON         0x00000000800410c0        0x4 lib_generic/libgeneric.a(string.o)
                0x00000000800410c0                ___strtok
 COMMON         0x00000000800410c4        0x8 cpu/mips/ar7240/libar7240.a(ag7240.o)
                0x00000000800410c4                ag7240_macs
                0x00000000800410cc                uboot_end = .
Address of section .text set to 0x80010000
LOAD cpu/mips/start.o
START GROUP
LOAD lib_generic/libgeneric.a
LOAD common/libcommon.a
LOAD board/ar7240/ap121/libap121.a
LOAD cpu/mips/libmips.a
LOAD cpu/mips/ar7240/libar7240.a
LOAD lib_mips/libmips.a
LOAD drivers/libdrivers.a
LOAD net/libnet.a
LOAD rtc/librtc.a
LOAD httpd/libhttpd.a
END GROUP
LOAD /home/dpape/u-boot_mod/toolchain/bin/../lib/gcc/mips-openwrt-linux-uclibc/4.8.3/libgcc.a
OUTPUT(u-boot elf32-tradbigmips)

.pdr            0x0000000000000000     0x27e0
 .pdr           0x0000000000000000       0x20 cpu/mips/start.o
 .pdr           0x0000000000000020       0x80 common/libcommon.a(cmd_bootm.o)
 .pdr           0x00000000000000a0       0x20 common/libcommon.a(cmd_boot.o)
 .pdr           0x00000000000000c0       0x40 common/libcommon.a(cmd_flash.o)
 .pdr           0x0000000000000100      0x100 common/libcommon.a(cmd_mem.o)
 .pdr           0x0000000000000200       0xc0 common/libcommon.a(cmd_custom.o)
 .pdr           0x00000000000002c0       0xa0 common/libcommon.a(cmd_net.o)
 .pdr           0x0000000000000360       0xe0 common/libcommon.a(cmd_nvedit.o)
 .pdr           0x0000000000000440       0x60 common/libcommon.a(cmd_itest.o)
 .pdr           0x00000000000004a0       0xc0 common/libcommon.a(command.o)
 .pdr           0x0000000000000560      0x260 common/libcommon.a(console.o)
 .pdr           0x00000000000007c0       0x60 common/libcommon.a(devices.o)
 .pdr           0x0000000000000820       0xa0 common/libcommon.a(env_common.o)
 .pdr           0x00000000000008c0       0x60 common/libcommon.a(env_nowhere.o)
 .pdr           0x0000000000000920       0x60 common/libcommon.a(flash.o)
 .pdr           0x0000000000000980      0x140 common/libcommon.a(lists.o)
 .pdr           0x0000000000000ac0      0x360 common/libcommon.a(hush.o)
 .pdr           0x0000000000000e20       0xa0 common/libcommon.a(main.o)
 .pdr           0x0000000000000ec0      0x180 common/libcommon.a(dlmalloc.o)
 .pdr           0x0000000000001040      0x100 board/ar7240/ap121/libap121.a(ap121.o)
 .pdr           0x0000000000001140       0xc0 board/ar7240/ap121/libap121.a(ar7240_flash.o)
 .pdr           0x0000000000001200       0x40 cpu/mips/libmips.a(cpu.o)
 .pdr           0x0000000000001240      0x120 cpu/mips/libmips.a(cache.o)
 .pdr           0x0000000000001360       0x20 cpu/mips/ar7240/libar7240.a(meminit.o)
 .pdr           0x0000000000001380       0xc0 cpu/mips/ar7240/libar7240.a(hornet_serial.o)
 .pdr           0x0000000000001440       0x20 cpu/mips/ar7240/libar7240.a(hornet_ddr_init.o)
 .pdr           0x0000000000001460       0xc0 lib_mips/libmips.a(board.o)
 .pdr           0x0000000000001520       0x60 lib_mips/libmips.a(time.o)
 .pdr           0x0000000000001580       0x40 lib_mips/libmips.a(mips_linux.o)
 .pdr           0x00000000000015c0      0x180 drivers/libdrivers.a(netconsole.o)
 .pdr           0x0000000000001740      0x3c0 net/libnet.a(net.o)
 .pdr           0x0000000000001b00       0x80 net/libnet.a(tftp.o)
 .pdr           0x0000000000001b80      0x180 net/libnet.a(eth.o)
 .pdr           0x0000000000001d00       0xc0 net/libnet.a(bootp.o)
 .pdr           0x0000000000001dc0       0x80 net/libnet.a(httpd.o)
 .pdr           0x0000000000001e40       0xa0 httpd/libhttpd.a(uip.o)
 .pdr           0x0000000000001ee0       0x80 httpd/libhttpd.a(uip_arch.o)
 .pdr           0x0000000000001f60       0xc0 httpd/libhttpd.a(uip_arp.o)
 .pdr           0x0000000000002020       0xa0 httpd/libhttpd.a(httpd.o)
 .pdr           0x00000000000020c0       0x40 httpd/libhttpd.a(fs.o)
 .pdr           0x0000000000002100       0x20 lib_generic/libgeneric.a(crc32.o)
 .pdr           0x0000000000002120        0x0 lib_generic/libgeneric.a(ctype.o)
 .pdr           0x0000000000002120       0x20 lib_generic/libgeneric.a(display_options.o)
 .pdr           0x0000000000002140      0x260 lib_generic/libgeneric.a(string.o)
 .pdr           0x00000000000023a0       0xa0 lib_generic/libgeneric.a(vsprintf.o)
 .pdr           0x0000000000002440       0x20 lib_generic/libgeneric.a(LzmaWrapper.o)
 .pdr           0x0000000000002460       0x40 lib_generic/libgeneric.a(LzmaDecode.o)
 .pdr           0x00000000000024a0       0x60 common/libcommon.a(exports.o)
 .pdr           0x0000000000002500      0x120 cpu/mips/ar7240/libar7240.a(ag7240.o)
 .pdr           0x0000000000002620      0x1c0 board/ar7240/ap121/libap121.a(ar7240_s26_phy.o)

.mdebug.abi32   0x0000000000000000        0x0
 .mdebug.abi32  0x0000000000000000        0x0 common/libcommon.a(cmd_bootm.o)
 .mdebug.abi32  0x0000000000000000        0x0 common/libcommon.a(cmd_boot.o)
 .mdebug.abi32  0x0000000000000000        0x0 common/libcommon.a(cmd_flash.o)
 .mdebug.abi32  0x0000000000000000        0x0 common/libcommon.a(cmd_mem.o)
 .mdebug.abi32  0x0000000000000000        0x0 common/libcommon.a(cmd_custom.o)
 .mdebug.abi32  0x0000000000000000        0x0 common/libcommon.a(cmd_net.o)
 .mdebug.abi32  0x0000000000000000        0x0 common/libcommon.a(cmd_nvedit.o)
 .mdebug.abi32  0x0000000000000000        0x0 common/libcommon.a(cmd_itest.o)
 .mdebug.abi32  0x0000000000000000        0x0 common/libcommon.a(command.o)
 .mdebug.abi32  0x0000000000000000        0x0 common/libcommon.a(console.o)
 .mdebug.abi32  0x0000000000000000        0x0 common/libcommon.a(devices.o)
 .mdebug.abi32  0x0000000000000000        0x0 common/libcommon.a(env_common.o)
 .mdebug.abi32  0x0000000000000000        0x0 common/libcommon.a(env_nowhere.o)
 .mdebug.abi32  0x0000000000000000        0x0 common/libcommon.a(flash.o)
 .mdebug.abi32  0x0000000000000000        0x0 common/libcommon.a(lists.o)
 .mdebug.abi32  0x0000000000000000        0x0 common/libcommon.a(hush.o)
 .mdebug.abi32  0x0000000000000000        0x0 common/libcommon.a(main.o)
 .mdebug.abi32  0x0000000000000000        0x0 common/libcommon.a(dlmalloc.o)
 .mdebug.abi32  0x0000000000000000        0x0 board/ar7240/ap121/libap121.a(ap121.o)
 .mdebug.abi32  0x0000000000000000        0x0 board/ar7240/ap121/libap121.a(ar7240_flash.o)
 .mdebug.abi32  0x0000000000000000        0x0 cpu/mips/libmips.a(cpu.o)
 .mdebug.abi32  0x0000000000000000        0x0 cpu/mips/ar7240/libar7240.a(meminit.o)
 .mdebug.abi32  0x0000000000000000        0x0 cpu/mips/ar7240/libar7240.a(hornet_serial.o)
 .mdebug.abi32  0x0000000000000000        0x0 lib_mips/libmips.a(board.o)
 .mdebug.abi32  0x0000000000000000        0x0 lib_mips/libmips.a(time.o)
 .mdebug.abi32  0x0000000000000000        0x0 lib_mips/libmips.a(mips_linux.o)
 .mdebug.abi32  0x0000000000000000        0x0 drivers/libdrivers.a(netconsole.o)
 .mdebug.abi32  0x0000000000000000        0x0 net/libnet.a(net.o)
 .mdebug.abi32  0x0000000000000000        0x0 net/libnet.a(tftp.o)
 .mdebug.abi32  0x0000000000000000        0x0 net/libnet.a(eth.o)
 .mdebug.abi32  0x0000000000000000        0x0 net/libnet.a(bootp.o)
 .mdebug.abi32  0x0000000000000000        0x0 net/libnet.a(httpd.o)
 .mdebug.abi32  0x0000000000000000        0x0 httpd/libhttpd.a(uip.o)
 .mdebug.abi32  0x0000000000000000        0x0 httpd/libhttpd.a(uip_arch.o)
 .mdebug.abi32  0x0000000000000000        0x0 httpd/libhttpd.a(uip_arp.o)
 .mdebug.abi32  0x0000000000000000        0x0 httpd/libhttpd.a(httpd.o)
 .mdebug.abi32  0x0000000000000000        0x0 httpd/libhttpd.a(fs.o)
 .mdebug.abi32  0x0000000000000000        0x0 lib_generic/libgeneric.a(crc32.o)
 .mdebug.abi32  0x0000000000000000        0x0 lib_generic/libgeneric.a(ctype.o)
 .mdebug.abi32  0x0000000000000000        0x0 lib_generic/libgeneric.a(display_options.o)
 .mdebug.abi32  0x0000000000000000        0x0 lib_generic/libgeneric.a(string.o)
 .mdebug.abi32  0x0000000000000000        0x0 lib_generic/libgeneric.a(vsprintf.o)
 .mdebug.abi32  0x0000000000000000        0x0 lib_generic/libgeneric.a(LzmaWrapper.o)
 .mdebug.abi32  0x0000000000000000        0x0 lib_generic/libgeneric.a(LzmaDecode.o)
 .mdebug.abi32  0x0000000000000000        0x0 common/libcommon.a(exports.o)
 .mdebug.abi32  0x0000000000000000        0x0 cpu/mips/ar7240/libar7240.a(ag7240.o)
 .mdebug.abi32  0x0000000000000000        0x0 board/ar7240/ap121/libap121.a(ar7240_s26_phy.o)

.comment        0x0000000000000000       0x34
 .comment       0x0000000000000000       0x34 common/libcommon.a(cmd_bootm.o)
                                         0x35 (size before relaxing)
 .comment       0x0000000000000000       0x35 common/libcommon.a(cmd_boot.o)
 .comment       0x0000000000000000       0x35 common/libcommon.a(cmd_flash.o)
 .comment       0x0000000000000000       0x35 common/libcommon.a(cmd_mem.o)
 .comment       0x0000000000000000       0x35 common/libcommon.a(cmd_custom.o)
 .comment       0x0000000000000000       0x35 common/libcommon.a(cmd_net.o)
 .comment       0x0000000000000000       0x35 common/libcommon.a(cmd_nvedit.o)
 .comment       0x0000000000000000       0x35 common/libcommon.a(cmd_itest.o)
 .comment       0x0000000000000000       0x35 common/libcommon.a(command.o)
 .comment       0x0000000000000000       0x35 common/libcommon.a(console.o)
 .comment       0x0000000000000000       0x35 common/libcommon.a(devices.o)
 .comment       0x0000000000000000       0x35 common/libcommon.a(env_common.o)
 .comment       0x0000000000000000       0x35 common/libcommon.a(env_nowhere.o)
 .comment       0x0000000000000000       0x35 common/libcommon.a(flash.o)
 .comment       0x0000000000000000       0x35 common/libcommon.a(lists.o)
 .comment       0x0000000000000000       0x35 common/libcommon.a(hush.o)
 .comment       0x0000000000000000       0x35 common/libcommon.a(main.o)
 .comment       0x0000000000000000       0x35 common/libcommon.a(dlmalloc.o)
 .comment       0x0000000000000000       0x35 board/ar7240/ap121/libap121.a(ap121.o)
 .comment       0x0000000000000000       0x35 board/ar7240/ap121/libap121.a(ar7240_flash.o)
 .comment       0x0000000000000000       0x35 cpu/mips/libmips.a(cpu.o)
 .comment       0x0000000000000000       0x35 cpu/mips/ar7240/libar7240.a(meminit.o)
 .comment       0x0000000000000000       0x35 cpu/mips/ar7240/libar7240.a(hornet_serial.o)
 .comment       0x0000000000000000       0x35 lib_mips/libmips.a(board.o)
 .comment       0x0000000000000000       0x35 lib_mips/libmips.a(time.o)
 .comment       0x0000000000000000       0x35 lib_mips/libmips.a(mips_linux.o)
 .comment       0x0000000000000000       0x35 drivers/libdrivers.a(netconsole.o)
 .comment       0x0000000000000000       0x35 net/libnet.a(net.o)
 .comment       0x0000000000000000       0x35 net/libnet.a(tftp.o)
 .comment       0x0000000000000000       0x35 net/libnet.a(eth.o)
 .comment       0x0000000000000000       0x35 net/libnet.a(bootp.o)
 .comment       0x0000000000000000       0x35 net/libnet.a(httpd.o)
 .comment       0x0000000000000000       0x35 httpd/libhttpd.a(uip.o)
 .comment       0x0000000000000000       0x35 httpd/libhttpd.a(uip_arch.o)
 .comment       0x0000000000000000       0x35 httpd/libhttpd.a(uip_arp.o)
 .comment       0x0000000000000000       0x35 httpd/libhttpd.a(httpd.o)
 .comment       0x0000000000000000       0x35 httpd/libhttpd.a(fs.o)
 .comment       0x0000000000000000       0x35 lib_generic/libgeneric.a(crc32.o)
 .comment       0x0000000000000000       0x35 lib_generic/libgeneric.a(ctype.o)
 .comment       0x0000000000000000       0x35 lib_generic/libgeneric.a(display_options.o)
 .comment       0x0000000000000000       0x35 lib_generic/libgeneric.a(string.o)
 .comment       0x0000000000000000       0x35 lib_generic/libgeneric.a(vsprintf.o)
 .comment       0x0000000000000000       0x35 lib_generic/libgeneric.a(LzmaWrapper.o)
 .comment       0x0000000000000000       0x35 lib_generic/libgeneric.a(LzmaDecode.o)
 .comment       0x0000000000000000       0x35 common/libcommon.a(exports.o)
 .comment       0x0000000000000000       0x35 cpu/mips/ar7240/libar7240.a(ag7240.o)
 .comment       0x0000000000000000       0x35 board/ar7240/ap121/libap121.a(ar7240_s26_phy.o)

.gnu.attributes
                0x0000000000000000       0x10
 .gnu.attributes
                0x0000000000000000       0x10 common/libcommon.a(cmd_bootm.o)
 .gnu.attributes
                0x0000000000000010       0x10 common/libcommon.a(cmd_boot.o)
 .gnu.attributes
                0x0000000000000020       0x10 common/libcommon.a(cmd_flash.o)
 .gnu.attributes
                0x0000000000000030       0x10 common/libcommon.a(cmd_mem.o)
 .gnu.attributes
                0x0000000000000040       0x10 common/libcommon.a(cmd_custom.o)
 .gnu.attributes
                0x0000000000000050       0x10 common/libcommon.a(cmd_net.o)
 .gnu.attributes
                0x0000000000000060       0x10 common/libcommon.a(cmd_nvedit.o)
 .gnu.attributes
                0x0000000000000070       0x10 common/libcommon.a(cmd_itest.o)
 .gnu.attributes
                0x0000000000000080       0x10 common/libcommon.a(command.o)
 .gnu.attributes
                0x0000000000000090       0x10 common/libcommon.a(console.o)
 .gnu.attributes
                0x00000000000000a0       0x10 common/libcommon.a(devices.o)
 .gnu.attributes
                0x00000000000000b0       0x10 common/libcommon.a(env_common.o)
 .gnu.attributes
                0x00000000000000c0       0x10 common/libcommon.a(env_nowhere.o)
 .gnu.attributes
                0x00000000000000d0       0x10 common/libcommon.a(flash.o)
 .gnu.attributes
                0x00000000000000e0       0x10 common/libcommon.a(lists.o)
 .gnu.attributes
                0x00000000000000f0       0x10 common/libcommon.a(hush.o)
 .gnu.attributes
                0x0000000000000100       0x10 common/libcommon.a(main.o)
 .gnu.attributes
                0x0000000000000110       0x10 common/libcommon.a(dlmalloc.o)
 .gnu.attributes
                0x0000000000000120       0x10 board/ar7240/ap121/libap121.a(ap121.o)
 .gnu.attributes
                0x0000000000000130       0x10 board/ar7240/ap121/libap121.a(ar7240_flash.o)
 .gnu.attributes
                0x0000000000000140       0x10 cpu/mips/libmips.a(cpu.o)
 .gnu.attributes
                0x0000000000000150       0x10 cpu/mips/ar7240/libar7240.a(meminit.o)
 .gnu.attributes
                0x0000000000000160       0x10 cpu/mips/ar7240/libar7240.a(hornet_serial.o)
 .gnu.attributes
                0x0000000000000170       0x10 lib_mips/libmips.a(board.o)
 .gnu.attributes
                0x0000000000000180       0x10 lib_mips/libmips.a(time.o)
 .gnu.attributes
                0x0000000000000190       0x10 lib_mips/libmips.a(mips_linux.o)
 .gnu.attributes
                0x00000000000001a0       0x10 drivers/libdrivers.a(netconsole.o)
 .gnu.attributes
                0x00000000000001b0       0x10 net/libnet.a(net.o)
 .gnu.attributes
                0x00000000000001c0       0x10 net/libnet.a(tftp.o)
 .gnu.attributes
                0x00000000000001d0       0x10 net/libnet.a(eth.o)
 .gnu.attributes
                0x00000000000001e0       0x10 net/libnet.a(bootp.o)
 .gnu.attributes
                0x00000000000001f0       0x10 net/libnet.a(httpd.o)
 .gnu.attributes
                0x0000000000000200       0x10 httpd/libhttpd.a(uip.o)
 .gnu.attributes
                0x0000000000000210       0x10 httpd/libhttpd.a(uip_arch.o)
 .gnu.attributes
                0x0000000000000220       0x10 httpd/libhttpd.a(uip_arp.o)
 .gnu.attributes
                0x0000000000000230       0x10 httpd/libhttpd.a(httpd.o)
 .gnu.attributes
                0x0000000000000240       0x10 httpd/libhttpd.a(fs.o)
 .gnu.attributes
                0x0000000000000250       0x10 lib_generic/libgeneric.a(crc32.o)
 .gnu.attributes
                0x0000000000000260       0x10 lib_generic/libgeneric.a(ctype.o)
 .gnu.attributes
                0x0000000000000270       0x10 lib_generic/libgeneric.a(display_options.o)
 .gnu.attributes
                0x0000000000000280       0x10 lib_generic/libgeneric.a(string.o)
 .gnu.attributes
                0x0000000000000290       0x10 lib_generic/libgeneric.a(vsprintf.o)
 .gnu.attributes
                0x00000000000002a0       0x10 lib_generic/libgeneric.a(LzmaWrapper.o)
 .gnu.attributes
                0x00000000000002b0       0x10 lib_generic/libgeneric.a(LzmaDecode.o)
 .gnu.attributes
                0x00000000000002c0       0x10 common/libcommon.a(exports.o)
 .gnu.attributes
                0x00000000000002d0       0x10 cpu/mips/ar7240/libar7240.a(ag7240.o)
 .gnu.attributes
                0x00000000000002e0       0x10 board/ar7240/ap121/libap121.a(ar7240_s26_phy.o)

.stab           0x0000000000000000     0x17b8
 .stab          0x0000000000000000      0x294 cpu/mips/start.o
 .stab          0x0000000000000294      0x6a8 cpu/mips/libmips.a(cache.o)
                                        0x6b4 (size before relaxing)
 .stab          0x000000000000093c      0xe7c cpu/mips/ar7240/libar7240.a(hornet_ddr_init.o)
                                        0xe88 (size before relaxing)

.stabstr        0x0000000000000000      0x1a0
 .stabstr       0x0000000000000000      0x1a0 cpu/mips/start.o
